#
# There is insufficient memory for the Java Runtime Environment to continue.
# Native memory allocation (malloc) failed to allocate 1054096 bytes. Error detail: Chunk::new
# Possible reasons:
#   The system is out of physical RAM or swap space
#   This process is running with CompressedOops enabled, and the Java Heap may be blocking the growth of the native heap
# Possible solutions:
#   Reduce memory load on the system
#   Increase physical memory or swap space
#   Check if swap backing store is full
#   Decrease Java heap size (-Xmx/-Xms)
#   Decrease number of Java threads
#   Decrease Java thread stack sizes (-Xss)
#   Set larger code cache with -XX:ReservedCodeCacheSize=
#   JVM is running with Unscaled Compressed Oops mode in which the Java heap is
#     placed in the first 4GB address space. The Java Heap base address is the
#     maximum limit for the native heap growth. Please use -XX:HeapBaseMinAddress
#     to set the Java Heap base and to place the Java Heap above 4GB virtual address.
# This output file may be truncated or incomplete.
#
#  Out of Memory Error (arena.cpp:168), pid=24168, tid=14264
#
# JRE version: OpenJDK Runtime Environment Temurin-21.0.6+7 (21.0.6+7) (build 21.0.6+7-LTS)
# Java VM: OpenJDK 64-Bit Server VM Temurin-21.0.6+7 (21.0.6+7-LTS, mixed mode, sharing, tiered, compressed oops, compressed class ptrs, g1 gc, windows-amd64)
# No core dump will be written. Minidumps are not enabled by default on client versions of Windows
#

---------------  S U M M A R Y ------------

Command Line: --add-opens=java.base/java.lang=ALL-UNNAMED --add-opens=java.base/java.lang.invoke=ALL-UNNAMED --add-opens=java.base/java.util=ALL-UNNAMED --add-opens=java.prefs/java.util.prefs=ALL-UNNAMED --add-exports=jdk.compiler/com.sun.tools.javac.api=ALL-UNNAMED --add-exports=jdk.compiler/com.sun.tools.javac.util=ALL-UNNAMED --add-opens=java.base/java.util=ALL-UNNAMED --add-opens=java.prefs/java.util.prefs=ALL-UNNAMED --add-opens=java.base/java.nio.charset=ALL-UNNAMED --add-opens=java.base/java.net=ALL-UNNAMED --add-opens=java.base/java.util.concurrent=ALL-UNNAMED --add-opens=java.base/java.util.concurrent.atomic=ALL-UNNAMED --add-opens=java.xml/javax.xml.namespace=ALL-UNNAMED --add-opens=java.base/java.time=ALL-UNNAMED -XX:MaxMetaspaceSize=384m -XX:+HeapDumpOnOutOfMemoryError -Xms256m -Xmx512m -Dfile.encoding=UTF-8 -Duser.country=US -Duser.language=en -Duser.variant -javaagent:C:\Users\gargd\.gradle\wrapper\dists\gradle-9.2.1-bin\2t0n5ozlw9xmuyvbp7dnzaxug\gradle-9.2.1\lib\agents\gradle-instrumentation-agent-9.2.1.jar org.gradle.launcher.daemon.bootstrap.GradleDaemon 9.2.1

Host: AMD Ryzen 7 5800HS with Radeon Graphics        , 16 cores, 15G,  Windows 11 , 64 bit Build 26100 (10.0.26100.7309)
Time: Thu Jan 15 00:59:15 2026 India Standard Time elapsed time: 4.524642 seconds (0d 0h 0m 4s)

---------------  T H R E A D  ---------------

Current thread (0x00000236ff24cf20):  JavaThread "C2 CompilerThread0" daemon [_thread_in_native, id=14264, stack(0x0000009a9b000000,0x0000009a9b100000) (1024K)]


Current CompileTask:
C2:4524 4348   !   4       java.net.URLClassLoader$1::run (81 bytes)

Stack: [0x0000009a9b000000,0x0000009a9b100000]
Native frames: (J=compiled Java code, j=interpreted, Vv=VM code, C=native code)
V  [jvm.dll+0x6cdee9]
V  [jvm.dll+0x8a83d1]
V  [jvm.dll+0x8aa8fe]
V  [jvm.dll+0x8aafe3]
V  [jvm.dll+0x27f706]
V  [jvm.dll+0xc500d]
V  [jvm.dll+0xc5543]
V  [jvm.dll+0x2f2acd]
V  [jvm.dll+0x5f6a2a]
V  [jvm.dll+0x250bb2]
V  [jvm.dll+0x250f6f]
V  [jvm.dll+0x249834]
V  [jvm.dll+0x246ec4]
V  [jvm.dll+0x1c75ee]
V  [jvm.dll+0x25685a]
V  [jvm.dll+0x254dfa]
V  [jvm.dll+0x3f0256]
V  [jvm.dll+0x851f8b]
V  [jvm.dll+0x6cc5ed]
C  [ucrtbase.dll+0x37b0]
C  [KERNEL32.DLL+0x2e8d7]
C  [ntdll.dll+0x8c53c]


---------------  P R O C E S S  ---------------

Threads class SMR info:
_java_thread_list=0x0000023699362b40, length=41, elements={
0x00000236e38df960, 0x00000236ff22c5d0, 0x00000236ff22d9a0, 0x00000236ff231b70,
0x00000236ff236a60, 0x00000236ff238020, 0x00000236ff246d60, 0x00000236ff24cf20,
0x00000236ff24e260, 0x00000236ff308720, 0x00000236ff3afe30, 0x00000236ff4d8920,
0x00000236ff55b760, 0x00000236ff6903d0, 0x0000023699432ce0, 0x00000236991d1cc0,
0x0000023699ff20d0, 0x000002369a0671f0, 0x000002369a27fc40, 0x000002369a4d5540,
0x000002369a294b50, 0x000002369a0ee4c0, 0x000002369a1e6040, 0x000002369a1e5320,
0x000002369a1e87a0, 0x000002369a1e66d0, 0x000002369a1e59b0, 0x000002369a1e6d60,
0x000002369a1e73f0, 0x000002369ec1f680, 0x000002369a1e7a80, 0x000002369a1e8110,
0x000002369bd8a1d0, 0x000002369bd8bc10, 0x000002369bd89b40, 0x000002369bd8a860,
0x000002369bd8aef0, 0x000002369bd8b580, 0x000002369bd88e20, 0x000002369bd8c930,
0x000002369dbf85c0
}

Java Threads: ( => current thread )
  0x00000236e38df960 JavaThread "main"                              [_thread_blocked, id=21560, stack(0x0000009a9a200000,0x0000009a9a300000) (1024K)]
  0x00000236ff22c5d0 JavaThread "Reference Handler"          daemon [_thread_blocked, id=12440, stack(0x0000009a9aa00000,0x0000009a9ab00000) (1024K)]
  0x00000236ff22d9a0 JavaThread "Finalizer"                  daemon [_thread_blocked, id=8068, stack(0x0000009a9ab00000,0x0000009a9ac00000) (1024K)]
  0x00000236ff231b70 JavaThread "Signal Dispatcher"          daemon [_thread_blocked, id=6780, stack(0x0000009a9ac00000,0x0000009a9ad00000) (1024K)]
  0x00000236ff236a60 JavaThread "Attach Listener"            daemon [_thread_blocked, id=3088, stack(0x0000009a9ad00000,0x0000009a9ae00000) (1024K)]
  0x00000236ff238020 JavaThread "Service Thread"             daemon [_thread_blocked, id=25504, stack(0x0000009a9ae00000,0x0000009a9af00000) (1024K)]
  0x00000236ff246d60 JavaThread "Monitor Deflation Thread"   daemon [_thread_blocked, id=22988, stack(0x0000009a9af00000,0x0000009a9b000000) (1024K)]
=>0x00000236ff24cf20 JavaThread "C2 CompilerThread0"         daemon [_thread_in_native, id=14264, stack(0x0000009a9b000000,0x0000009a9b100000) (1024K)]
  0x00000236ff24e260 JavaThread "C1 CompilerThread0"         daemon [_thread_blocked, id=22760, stack(0x0000009a9b100000,0x0000009a9b200000) (1024K)]
  0x00000236ff308720 JavaThread "C1 CompilerThread1"         daemon [_thread_blocked, id=27860, stack(0x0000009a9b200000,0x0000009a9b300000) (1024K)]
  0x00000236ff3afe30 JavaThread "Common-Cleaner"             daemon [_thread_blocked, id=18368, stack(0x0000009a9b300000,0x0000009a9b400000) (1024K)]
  0x00000236ff4d8920 JavaThread "Notification Thread"        daemon [_thread_blocked, id=22380, stack(0x0000009a9b400000,0x0000009a9b500000) (1024K)]
  0x00000236ff55b760 JavaThread "C2 CompilerThread1"         daemon [_thread_in_native, id=21416, stack(0x0000009a9b500000,0x0000009a9b600000) (1024K)]
  0x00000236ff6903d0 JavaThread "C2 CompilerThread2"         daemon [_thread_in_native, id=17092, stack(0x0000009a9bb00000,0x0000009a9bc00000) (1024K)]
  0x0000023699432ce0 JavaThread "C1 CompilerThread2"         daemon [_thread_blocked, id=17148, stack(0x0000009a9bd00000,0x0000009a9be00000) (1024K)]
  0x00000236991d1cc0 JavaThread "C1 CompilerThread3"         daemon [_thread_blocked, id=2912, stack(0x0000009a9be00000,0x0000009a9bf00000) (1024K)]
  0x0000023699ff20d0 JavaThread "Daemon health stats"               [_thread_blocked, id=2176, stack(0x0000009a9bf00000,0x0000009a9c000000) (1024K)]
  0x000002369a0671f0 JavaThread "Incoming local TCP Connector on port 53765"        [_thread_in_native, id=12024, stack(0x0000009a9c000000,0x0000009a9c100000) (1024K)]
  0x000002369a27fc40 JavaThread "Daemon periodic checks"            [_thread_blocked, id=17136, stack(0x0000009a9c100000,0x0000009a9c200000) (1024K)]
  0x000002369a4d5540 JavaThread "Daemon"                            [_thread_blocked, id=27184, stack(0x0000009a9c200000,0x0000009a9c300000) (1024K)]
  0x000002369a294b50 JavaThread "Handler for socket connection from /127.0.0.1:53765 to /127.0.0.1:53766"        [_thread_in_native, id=13760, stack(0x0000009a9c300000,0x0000009a9c400000) (1024K)]
  0x000002369a0ee4c0 JavaThread "Cancel handler"                    [_thread_blocked, id=29480, stack(0x0000009a9c400000,0x0000009a9c500000) (1024K)]
  0x000002369a1e6040 JavaThread "Daemon worker"                     [_thread_in_vm, id=12048, stack(0x0000009a9c500000,0x0000009a9c600000) (1024K)]
  0x000002369a1e5320 JavaThread "Asynchronous log dispatcher for DefaultDaemonConnection: socket connection from /127.0.0.1:53765 to /127.0.0.1:53766"        [_thread_blocked, id=2448, stack(0x0000009a9c600000,0x0000009a9c700000) (1024K)]
  0x000002369a1e87a0 JavaThread "Stdin handler"                     [_thread_blocked, id=8348, stack(0x0000009a9c700000,0x0000009a9c800000) (1024K)]
  0x000002369a1e66d0 JavaThread "Daemon client event forwarder"        [_thread_blocked, id=22092, stack(0x0000009a9c800000,0x0000009a9c900000) (1024K)]
  0x000002369a1e59b0 JavaThread "Cache worker for journal cache (C:\Users\gargd\.gradle\caches\journal-1)"        [_thread_blocked, id=29100, stack(0x0000009a9bc00000,0x0000009a9bd00000) (1024K)]
  0x000002369a1e6d60 JavaThread "File lock request listener"        [_thread_in_native, id=7964, stack(0x0000009a9c900000,0x0000009a9ca00000) (1024K)]
  0x000002369a1e73f0 JavaThread "Cache worker for file hash cache (C:\Users\gargd\.gradle\caches\9.2.1\fileHashes)"        [_thread_blocked, id=13364, stack(0x0000009a9ca00000,0x0000009a9cb00000) (1024K)]
  0x000002369ec1f680 JavaThread "C2 CompilerThread3"         daemon [_thread_in_native, id=28176, stack(0x0000009a9d400000,0x0000009a9d500000) (1024K)]
  0x000002369a1e7a80 JavaThread "Cache worker for file hash cache (D:\dev\GameTout\GameTout-Backend\gametout\.gradle\9.2.1\fileHashes)"        [_thread_blocked, id=26564, stack(0x0000009a9d500000,0x0000009a9d600000) (1024K)]
  0x000002369a1e8110 JavaThread "Cache worker for Build Output Cleanup Cache (D:\dev\GameTout\GameTout-Backend\gametout\.gradle\buildOutputCleanup)"        [_thread_blocked, id=26136, stack(0x0000009a9d600000,0x0000009a9d700000) (1024K)]
  0x000002369bd8a1d0 JavaThread "File watcher server"        daemon [_thread_in_native, id=21140, stack(0x0000009a9d700000,0x0000009a9d800000) (1024K)]
  0x000002369bd8bc10 JavaThread "File watcher consumer"      daemon [_thread_blocked, id=14764, stack(0x0000009a9d800000,0x0000009a9d900000) (1024K)]
  0x000002369bd89b40 JavaThread "Cache worker for checksums cache (D:\dev\GameTout\GameTout-Backend\gametout\.gradle\9.2.1\checksums)"        [_thread_blocked, id=4092, stack(0x0000009a9d900000,0x0000009a9da00000) (1024K)]
  0x000002369bd8a860 JavaThread "Cache worker for file content cache (C:\Users\gargd\.gradle\caches\9.2.1\fileContent)"        [_thread_blocked, id=10412, stack(0x0000009a9da00000,0x0000009a9db00000) (1024K)]
  0x000002369bd8aef0 JavaThread "Cache worker for cache directory md-supplier (C:\Users\gargd\.gradle\caches\9.2.1\md-supplier)"        [_thread_blocked, id=18416, stack(0x0000009a9db00000,0x0000009a9dc00000) (1024K)]
  0x000002369bd8b580 JavaThread "Cache worker for cache directory md-rule (C:\Users\gargd\.gradle\caches\9.2.1\md-rule)"        [_thread_blocked, id=25348, stack(0x0000009a9dc00000,0x0000009a9dd00000) (1024K)]
  0x000002369bd88e20 JavaThread "jar transforms"                    [_thread_blocked, id=19724, stack(0x0000009a9dd00000,0x0000009a9de00000) (1024K)]
  0x000002369bd8c930 JavaThread "jar transforms Thread 2"           [_thread_blocked, id=11528, stack(0x0000009a9de00000,0x0000009a9df00000) (1024K)]
  0x000002369dbf85c0 JavaThread "C2 CompilerThread4"         daemon [_thread_in_native, id=18900, stack(0x0000009a9df00000,0x0000009a9e000000) (1024K)]
Total: 41

Other Threads:
  0x00000236ff210cf0 VMThread "VM Thread"                           [id=5648, stack(0x0000009a9a900000,0x0000009a9aa00000) (1024K)]
  0x00000236ff202ab0 WatcherThread "VM Periodic Task Thread"        [id=12268, stack(0x0000009a9a800000,0x0000009a9a900000) (1024K)]
  0x00000236e390bf30 WorkerThread "GC Thread#0"                     [id=22616, stack(0x0000009a9a300000,0x0000009a9a400000) (1024K)]
  0x00000236ff69b150 WorkerThread "GC Thread#1"                     [id=6784, stack(0x0000009a9b600000,0x0000009a9b700000) (1024K)]
  0x00000236ff5c2df0 WorkerThread "GC Thread#2"                     [id=23828, stack(0x0000009a9b700000,0x0000009a9b800000) (1024K)]
  0x00000236ff571760 WorkerThread "GC Thread#3"                     [id=11248, stack(0x0000009a9b800000,0x0000009a9b900000) (1024K)]
  0x00000236ff571b00 WorkerThread "GC Thread#4"                     [id=19224, stack(0x0000009a9b900000,0x0000009a9ba00000) (1024K)]
  0x00000236ff6829c0 WorkerThread "GC Thread#5"                     [id=23172, stack(0x0000009a9ba00000,0x0000009a9bb00000) (1024K)]
  0x000002369c190bd0 WorkerThread "GC Thread#6"                     [id=25272, stack(0x0000009a9cb00000,0x0000009a9cc00000) (1024K)]
  0x000002369c190830 WorkerThread "GC Thread#7"                     [id=476, stack(0x0000009a9cc00000,0x0000009a9cd00000) (1024K)]
  0x000002369c1916b0 WorkerThread "GC Thread#8"                     [id=23596, stack(0x0000009a9cd00000,0x0000009a9ce00000) (1024K)]
  0x000002369c190490 WorkerThread "GC Thread#9"                     [id=24988, stack(0x0000009a9ce00000,0x0000009a9cf00000) (1024K)]
  0x000002369c190f70 WorkerThread "GC Thread#10"                    [id=19796, stack(0x0000009a9cf00000,0x0000009a9d000000) (1024K)]
  0x000002369c191a50 WorkerThread "GC Thread#11"                    [id=21144, stack(0x0000009a9d000000,0x0000009a9d100000) (1024K)]
  0x000002369c1900f0 WorkerThread "GC Thread#12"                    [id=8064, stack(0x0000009a9d100000,0x0000009a9d200000) (1024K)]
  0x00000236e3912640 ConcurrentGCThread "G1 Main Marker"            [id=26964, stack(0x0000009a9a400000,0x0000009a9a500000) (1024K)]
  0x00000236e3913ed0 WorkerThread "G1 Conc#0"                       [id=11600, stack(0x0000009a9a500000,0x0000009a9a600000) (1024K)]
  0x000002369b4d2390 WorkerThread "G1 Conc#1"                       [id=28168, stack(0x0000009a9d200000,0x0000009a9d300000) (1024K)]
  0x000002369b4d1ff0 WorkerThread "G1 Conc#2"                       [id=20824, stack(0x0000009a9d300000,0x0000009a9d400000) (1024K)]
  0x00000236ff0d5a90 ConcurrentGCThread "G1 Refine#0"               [id=17252, stack(0x0000009a9a600000,0x0000009a9a700000) (1024K)]
  0x00000236ff0d62b0 ConcurrentGCThread "G1 Service"                [id=3036, stack(0x0000009a9a700000,0x0000009a9a800000) (1024K)]
Total: 21

Threads with active compile tasks:
C2 CompilerThread0  4584 4348   !   4       java.net.URLClassLoader$1::run (81 bytes)
C2 CompilerThread1  4584 4304   !   4       java.net.URLClassLoader::findClass (47 bytes)
C2 CompilerThread2  4584 4307   !   4       java.lang.ClassLoader::loadClass (121 bytes)
C2 CompilerThread3  4584 4347       4       java.net.URLClassLoader$1::run (5 bytes)
C2 CompilerThread4  4584 4426       4       java.util.HashSet::add (20 bytes)
Total: 5

VM state: not at safepoint (normal execution)

VM Mutex/Monitor currently owned by a thread: None

Heap address: 0x00000000e0000000, size: 512 MB, Compressed Oops mode: 32-bit

CDS archive(s) mapped at: [0x0000023680000000-0x0000023680c80000-0x0000023680c80000), size 13107200, SharedBaseAddress: 0x0000023680000000, ArchiveRelocationMode: 1.
Compressed class space mapped at: 0x0000023681000000-0x0000023695000000, reserved size: 335544320
Narrow klass base: 0x0000023680000000, Narrow klass shift: 0, Narrow klass range: 0x100000000

GC Precious Log:
 CardTable entry size: 512
 Card Set container configuration: InlinePtr #cards 5 size 8 Array Of Cards #cards 12 size 40 Howl #buckets 4 coarsen threshold 1843 Howl Bitmap #cards 512 size 80 coarsen threshold 460 Card regions per heap region 1 cards per card region 2048
 CPUs: 16 total, 16 available
 Memory: 15773M
 Large Page Support: Disabled
 NUMA Support: Disabled
 Compressed Oops: Enabled (32-bit)
 Heap Region Size: 1M
 Heap Min Capacity: 256M
 Heap Initial Capacity: 256M
 Heap Max Capacity: 512M
 Pre-touch: Disabled
 Parallel Workers: 13
 Concurrent Workers: 3
 Concurrent Refinement Workers: 13
 Periodic GC: Disabled

Heap:
 garbage-first heap   total 262144K, used 56697K [0x00000000e0000000, 0x0000000100000000)
  region size 1024K, 34 young (34816K), 8 survivors (8192K)
 Metaspace       used 37760K, committed 39232K, reserved 393216K
  class space    used 5329K, committed 6080K, reserved 327680K

Heap Regions: E=young(eden), S=young(survivor), O=old, HS=humongous(starts), HC=humongous(continues), CS=collection set, F=free, TAMS=top-at-mark-start, PB=parsable bottom
|   0|0x00000000e0000000, 0x00000000e0100000, 0x00000000e0100000|100%|HS|  |TAMS 0x00000000e0000000| PB 0x00000000e0000000| Complete 
|   1|0x00000000e0100000, 0x00000000e0200000, 0x00000000e0200000|100%|HC|  |TAMS 0x00000000e0100000| PB 0x00000000e0100000| Complete 
|   2|0x00000000e0200000, 0x00000000e0300000, 0x00000000e0300000|100%|HC|  |TAMS 0x00000000e0200000| PB 0x00000000e0200000| Complete 
|   3|0x00000000e0300000, 0x00000000e0400000, 0x00000000e0400000|100%|HC|  |TAMS 0x00000000e0300000| PB 0x00000000e0300000| Complete 
|   4|0x00000000e0400000, 0x00000000e0500000, 0x00000000e0500000|100%| O|  |TAMS 0x00000000e0400000| PB 0x00000000e0400000| Untracked 
|   5|0x00000000e0500000, 0x00000000e0600000, 0x00000000e0600000|100%| O|  |TAMS 0x00000000e0500000| PB 0x00000000e0500000| Untracked 
|   6|0x00000000e0600000, 0x00000000e0700000, 0x00000000e0700000|100%| O|  |TAMS 0x00000000e0600000| PB 0x00000000e0600000| Untracked 
|   7|0x00000000e0700000, 0x00000000e0800000, 0x00000000e0800000|100%|HS|  |TAMS 0x00000000e0700000| PB 0x00000000e0700000| Complete 
|   8|0x00000000e0800000, 0x00000000e0900000, 0x00000000e0900000|100%| O|  |TAMS 0x00000000e0800000| PB 0x00000000e0800000| Untracked 
|   9|0x00000000e0900000, 0x00000000e0a00000, 0x00000000e0a00000|100%| O|  |TAMS 0x00000000e0900000| PB 0x00000000e0900000| Untracked 
|  10|0x00000000e0a00000, 0x00000000e0b00000, 0x00000000e0b00000|100%| O|  |TAMS 0x00000000e0a00000| PB 0x00000000e0a00000| Untracked 
|  11|0x00000000e0b00000, 0x00000000e0c00000, 0x00000000e0c00000|100%| O|  |TAMS 0x00000000e0b00000| PB 0x00000000e0b00000| Untracked 
|  12|0x00000000e0c00000, 0x00000000e0d00000, 0x00000000e0d00000|100%| O|  |TAMS 0x00000000e0c00000| PB 0x00000000e0c00000| Untracked 
|  13|0x00000000e0d00000, 0x00000000e0e00000, 0x00000000e0e00000|100%| O|  |TAMS 0x00000000e0d00000| PB 0x00000000e0d00000| Untracked 
|  14|0x00000000e0e00000, 0x00000000e0f00000, 0x00000000e0f00000|100%| O|  |TAMS 0x00000000e0e00000| PB 0x00000000e0e00000| Untracked 
|  15|0x00000000e0f00000, 0x00000000e1000000, 0x00000000e1000000|100%| O|  |TAMS 0x00000000e0f00000| PB 0x00000000e0f00000| Untracked 
|  16|0x00000000e1000000, 0x00000000e1100000, 0x00000000e1100000|100%| O|  |TAMS 0x00000000e1000000| PB 0x00000000e1000000| Untracked 
|  17|0x00000000e1100000, 0x00000000e1200000, 0x00000000e1200000|100%| O|  |TAMS 0x00000000e1100000| PB 0x00000000e1100000| Untracked 
|  18|0x00000000e1200000, 0x00000000e1300000, 0x00000000e1300000|100%| O|  |TAMS 0x00000000e1200000| PB 0x00000000e1200000| Untracked 
|  19|0x00000000e1300000, 0x00000000e1400000, 0x00000000e1400000|100%| O|  |TAMS 0x00000000e1300000| PB 0x00000000e1300000| Untracked 
|  20|0x00000000e1400000, 0x00000000e1500000, 0x00000000e1500000|100%| O|  |TAMS 0x00000000e1400000| PB 0x00000000e1400000| Untracked 
|  21|0x00000000e1500000, 0x00000000e1600000, 0x00000000e1600000|100%| O|  |TAMS 0x00000000e1500000| PB 0x00000000e1500000| Untracked 
|  22|0x00000000e1600000, 0x00000000e1700000, 0x00000000e1700000|100%| O|  |TAMS 0x00000000e1600000| PB 0x00000000e1600000| Untracked 
|  23|0x00000000e1700000, 0x00000000e1721480, 0x00000000e1800000| 13%| O|  |TAMS 0x00000000e1700000| PB 0x00000000e1700000| Untracked 
|  24|0x00000000e1800000, 0x00000000e1800000, 0x00000000e1900000|  0%| F|  |TAMS 0x00000000e1800000| PB 0x00000000e1800000| Untracked 
|  25|0x00000000e1900000, 0x00000000e1900000, 0x00000000e1a00000|  0%| F|  |TAMS 0x00000000e1900000| PB 0x00000000e1900000| Untracked 
|  26|0x00000000e1a00000, 0x00000000e1a00000, 0x00000000e1b00000|  0%| F|  |TAMS 0x00000000e1a00000| PB 0x00000000e1a00000| Untracked 
|  27|0x00000000e1b00000, 0x00000000e1b00000, 0x00000000e1c00000|  0%| F|  |TAMS 0x00000000e1b00000| PB 0x00000000e1b00000| Untracked 
|  28|0x00000000e1c00000, 0x00000000e1c00000, 0x00000000e1d00000|  0%| F|  |TAMS 0x00000000e1c00000| PB 0x00000000e1c00000| Untracked 
|  29|0x00000000e1d00000, 0x00000000e1d00000, 0x00000000e1e00000|  0%| F|  |TAMS 0x00000000e1d00000| PB 0x00000000e1d00000| Untracked 
|  30|0x00000000e1e00000, 0x00000000e1e00000, 0x00000000e1f00000|  0%| F|  |TAMS 0x00000000e1e00000| PB 0x00000000e1e00000| Untracked 
|  31|0x00000000e1f00000, 0x00000000e1f00000, 0x00000000e2000000|  0%| F|  |TAMS 0x00000000e1f00000| PB 0x00000000e1f00000| Untracked 
|  32|0x00000000e2000000, 0x00000000e2000000, 0x00000000e2100000|  0%| F|  |TAMS 0x00000000e2000000| PB 0x00000000e2000000| Untracked 
|  33|0x00000000e2100000, 0x00000000e2100000, 0x00000000e2200000|  0%| F|  |TAMS 0x00000000e2100000| PB 0x00000000e2100000| Untracked 
|  34|0x00000000e2200000, 0x00000000e2200000, 0x00000000e2300000|  0%| F|  |TAMS 0x00000000e2200000| PB 0x00000000e2200000| Untracked 
|  35|0x00000000e2300000, 0x00000000e2300000, 0x00000000e2400000|  0%| F|  |TAMS 0x00000000e2300000| PB 0x00000000e2300000| Untracked 
|  36|0x00000000e2400000, 0x00000000e2400000, 0x00000000e2500000|  0%| F|  |TAMS 0x00000000e2400000| PB 0x00000000e2400000| Untracked 
|  37|0x00000000e2500000, 0x00000000e2500000, 0x00000000e2600000|  0%| F|  |TAMS 0x00000000e2500000| PB 0x00000000e2500000| Untracked 
|  38|0x00000000e2600000, 0x00000000e2600000, 0x00000000e2700000|  0%| F|  |TAMS 0x00000000e2600000| PB 0x00000000e2600000| Untracked 
|  39|0x00000000e2700000, 0x00000000e2700000, 0x00000000e2800000|  0%| F|  |TAMS 0x00000000e2700000| PB 0x00000000e2700000| Untracked 
|  40|0x00000000e2800000, 0x00000000e2800000, 0x00000000e2900000|  0%| F|  |TAMS 0x00000000e2800000| PB 0x00000000e2800000| Untracked 
|  41|0x00000000e2900000, 0x00000000e2900000, 0x00000000e2a00000|  0%| F|  |TAMS 0x00000000e2900000| PB 0x00000000e2900000| Untracked 
|  42|0x00000000e2a00000, 0x00000000e2a00000, 0x00000000e2b00000|  0%| F|  |TAMS 0x00000000e2a00000| PB 0x00000000e2a00000| Untracked 
|  43|0x00000000e2b00000, 0x00000000e2b00000, 0x00000000e2c00000|  0%| F|  |TAMS 0x00000000e2b00000| PB 0x00000000e2b00000| Untracked 
|  44|0x00000000e2c00000, 0x00000000e2c00000, 0x00000000e2d00000|  0%| F|  |TAMS 0x00000000e2c00000| PB 0x00000000e2c00000| Untracked 
|  45|0x00000000e2d00000, 0x00000000e2d00000, 0x00000000e2e00000|  0%| F|  |TAMS 0x00000000e2d00000| PB 0x00000000e2d00000| Untracked 
|  46|0x00000000e2e00000, 0x00000000e2e00000, 0x00000000e2f00000|  0%| F|  |TAMS 0x00000000e2e00000| PB 0x00000000e2e00000| Untracked 
|  47|0x00000000e2f00000, 0x00000000e2f00000, 0x00000000e3000000|  0%| F|  |TAMS 0x00000000e2f00000| PB 0x00000000e2f00000| Untracked 
|  48|0x00000000e3000000, 0x00000000e3000000, 0x00000000e3100000|  0%| F|  |TAMS 0x00000000e3000000| PB 0x00000000e3000000| Untracked 
|  49|0x00000000e3100000, 0x00000000e3100000, 0x00000000e3200000|  0%| F|  |TAMS 0x00000000e3100000| PB 0x00000000e3100000| Untracked 
|  50|0x00000000e3200000, 0x00000000e3200000, 0x00000000e3300000|  0%| F|  |TAMS 0x00000000e3200000| PB 0x00000000e3200000| Untracked 
|  51|0x00000000e3300000, 0x00000000e3300000, 0x00000000e3400000|  0%| F|  |TAMS 0x00000000e3300000| PB 0x00000000e3300000| Untracked 
|  52|0x00000000e3400000, 0x00000000e3400000, 0x00000000e3500000|  0%| F|  |TAMS 0x00000000e3400000| PB 0x00000000e3400000| Untracked 
|  53|0x00000000e3500000, 0x00000000e3500000, 0x00000000e3600000|  0%| F|  |TAMS 0x00000000e3500000| PB 0x00000000e3500000| Untracked 
|  54|0x00000000e3600000, 0x00000000e3600000, 0x00000000e3700000|  0%| F|  |TAMS 0x00000000e3600000| PB 0x00000000e3600000| Untracked 
|  55|0x00000000e3700000, 0x00000000e3700000, 0x00000000e3800000|  0%| F|  |TAMS 0x00000000e3700000| PB 0x00000000e3700000| Untracked 
|  56|0x00000000e3800000, 0x00000000e3800000, 0x00000000e3900000|  0%| F|  |TAMS 0x00000000e3800000| PB 0x00000000e3800000| Untracked 
|  57|0x00000000e3900000, 0x00000000e3900000, 0x00000000e3a00000|  0%| F|  |TAMS 0x00000000e3900000| PB 0x00000000e3900000| Untracked 
|  58|0x00000000e3a00000, 0x00000000e3a00000, 0x00000000e3b00000|  0%| F|  |TAMS 0x00000000e3a00000| PB 0x00000000e3a00000| Untracked 
|  59|0x00000000e3b00000, 0x00000000e3b00000, 0x00000000e3c00000|  0%| F|  |TAMS 0x00000000e3b00000| PB 0x00000000e3b00000| Untracked 
|  60|0x00000000e3c00000, 0x00000000e3c00000, 0x00000000e3d00000|  0%| F|  |TAMS 0x00000000e3c00000| PB 0x00000000e3c00000| Untracked 
|  61|0x00000000e3d00000, 0x00000000e3d00000, 0x00000000e3e00000|  0%| F|  |TAMS 0x00000000e3d00000| PB 0x00000000e3d00000| Untracked 
|  62|0x00000000e3e00000, 0x00000000e3e00000, 0x00000000e3f00000|  0%| F|  |TAMS 0x00000000e3e00000| PB 0x00000000e3e00000| Untracked 
|  63|0x00000000e3f00000, 0x00000000e3f00000, 0x00000000e4000000|  0%| F|  |TAMS 0x00000000e3f00000| PB 0x00000000e3f00000| Untracked 
|  64|0x00000000e4000000, 0x00000000e4000000, 0x00000000e4100000|  0%| F|  |TAMS 0x00000000e4000000| PB 0x00000000e4000000| Untracked 
|  65|0x00000000e4100000, 0x00000000e4100000, 0x00000000e4200000|  0%| F|  |TAMS 0x00000000e4100000| PB 0x00000000e4100000| Untracked 
|  66|0x00000000e4200000, 0x00000000e4200000, 0x00000000e4300000|  0%| F|  |TAMS 0x00000000e4200000| PB 0x00000000e4200000| Untracked 
|  67|0x00000000e4300000, 0x00000000e4300000, 0x00000000e4400000|  0%| F|  |TAMS 0x00000000e4300000| PB 0x00000000e4300000| Untracked 
|  68|0x00000000e4400000, 0x00000000e4400000, 0x00000000e4500000|  0%| F|  |TAMS 0x00000000e4400000| PB 0x00000000e4400000| Untracked 
|  69|0x00000000e4500000, 0x00000000e4500000, 0x00000000e4600000|  0%| F|  |TAMS 0x00000000e4500000| PB 0x00000000e4500000| Untracked 
|  70|0x00000000e4600000, 0x00000000e4600000, 0x00000000e4700000|  0%| F|  |TAMS 0x00000000e4600000| PB 0x00000000e4600000| Untracked 
|  71|0x00000000e4700000, 0x00000000e4700000, 0x00000000e4800000|  0%| F|  |TAMS 0x00000000e4700000| PB 0x00000000e4700000| Untracked 
|  72|0x00000000e4800000, 0x00000000e4800000, 0x00000000e4900000|  0%| F|  |TAMS 0x00000000e4800000| PB 0x00000000e4800000| Untracked 
|  73|0x00000000e4900000, 0x00000000e4900000, 0x00000000e4a00000|  0%| F|  |TAMS 0x00000000e4900000| PB 0x00000000e4900000| Untracked 
|  74|0x00000000e4a00000, 0x00000000e4a00000, 0x00000000e4b00000|  0%| F|  |TAMS 0x00000000e4a00000| PB 0x00000000e4a00000| Untracked 
|  75|0x00000000e4b00000, 0x00000000e4b00000, 0x00000000e4c00000|  0%| F|  |TAMS 0x00000000e4b00000| PB 0x00000000e4b00000| Untracked 
|  76|0x00000000e4c00000, 0x00000000e4c00000, 0x00000000e4d00000|  0%| F|  |TAMS 0x00000000e4c00000| PB 0x00000000e4c00000| Untracked 
|  77|0x00000000e4d00000, 0x00000000e4d00000, 0x00000000e4e00000|  0%| F|  |TAMS 0x00000000e4d00000| PB 0x00000000e4d00000| Untracked 
|  78|0x00000000e4e00000, 0x00000000e4e00000, 0x00000000e4f00000|  0%| F|  |TAMS 0x00000000e4e00000| PB 0x00000000e4e00000| Untracked 
|  79|0x00000000e4f00000, 0x00000000e4f00000, 0x00000000e5000000|  0%| F|  |TAMS 0x00000000e4f00000| PB 0x00000000e4f00000| Untracked 
|  80|0x00000000e5000000, 0x00000000e5000000, 0x00000000e5100000|  0%| F|  |TAMS 0x00000000e5000000| PB 0x00000000e5000000| Untracked 
|  81|0x00000000e5100000, 0x00000000e5100000, 0x00000000e5200000|  0%| F|  |TAMS 0x00000000e5100000| PB 0x00000000e5100000| Untracked 
|  82|0x00000000e5200000, 0x00000000e5200000, 0x00000000e5300000|  0%| F|  |TAMS 0x00000000e5200000| PB 0x00000000e5200000| Untracked 
|  83|0x00000000e5300000, 0x00000000e5300000, 0x00000000e5400000|  0%| F|  |TAMS 0x00000000e5300000| PB 0x00000000e5300000| Untracked 
|  84|0x00000000e5400000, 0x00000000e5400000, 0x00000000e5500000|  0%| F|  |TAMS 0x00000000e5400000| PB 0x00000000e5400000| Untracked 
|  85|0x00000000e5500000, 0x00000000e5500000, 0x00000000e5600000|  0%| F|  |TAMS 0x00000000e5500000| PB 0x00000000e5500000| Untracked 
|  86|0x00000000e5600000, 0x00000000e5600000, 0x00000000e5700000|  0%| F|  |TAMS 0x00000000e5600000| PB 0x00000000e5600000| Untracked 
|  87|0x00000000e5700000, 0x00000000e5700000, 0x00000000e5800000|  0%| F|  |TAMS 0x00000000e5700000| PB 0x00000000e5700000| Untracked 
|  88|0x00000000e5800000, 0x00000000e5800000, 0x00000000e5900000|  0%| F|  |TAMS 0x00000000e5800000| PB 0x00000000e5800000| Untracked 
|  89|0x00000000e5900000, 0x00000000e5900000, 0x00000000e5a00000|  0%| F|  |TAMS 0x00000000e5900000| PB 0x00000000e5900000| Untracked 
|  90|0x00000000e5a00000, 0x00000000e5a00000, 0x00000000e5b00000|  0%| F|  |TAMS 0x00000000e5a00000| PB 0x00000000e5a00000| Untracked 
|  91|0x00000000e5b00000, 0x00000000e5b00000, 0x00000000e5c00000|  0%| F|  |TAMS 0x00000000e5b00000| PB 0x00000000e5b00000| Untracked 
|  92|0x00000000e5c00000, 0x00000000e5c00000, 0x00000000e5d00000|  0%| F|  |TAMS 0x00000000e5c00000| PB 0x00000000e5c00000| Untracked 
|  93|0x00000000e5d00000, 0x00000000e5d00000, 0x00000000e5e00000|  0%| F|  |TAMS 0x00000000e5d00000| PB 0x00000000e5d00000| Untracked 
|  94|0x00000000e5e00000, 0x00000000e5e00000, 0x00000000e5f00000|  0%| F|  |TAMS 0x00000000e5e00000| PB 0x00000000e5e00000| Untracked 
|  95|0x00000000e5f00000, 0x00000000e5f00000, 0x00000000e6000000|  0%| F|  |TAMS 0x00000000e5f00000| PB 0x00000000e5f00000| Untracked 
|  96|0x00000000e6000000, 0x00000000e6000000, 0x00000000e6100000|  0%| F|  |TAMS 0x00000000e6000000| PB 0x00000000e6000000| Untracked 
|  97|0x00000000e6100000, 0x00000000e6100000, 0x00000000e6200000|  0%| F|  |TAMS 0x00000000e6100000| PB 0x00000000e6100000| Untracked 
|  98|0x00000000e6200000, 0x00000000e6200000, 0x00000000e6300000|  0%| F|  |TAMS 0x00000000e6200000| PB 0x00000000e6200000| Untracked 
|  99|0x00000000e6300000, 0x00000000e6300000, 0x00000000e6400000|  0%| F|  |TAMS 0x00000000e6300000| PB 0x00000000e6300000| Untracked 
| 100|0x00000000e6400000, 0x00000000e6400000, 0x00000000e6500000|  0%| F|  |TAMS 0x00000000e6400000| PB 0x00000000e6400000| Untracked 
| 101|0x00000000e6500000, 0x00000000e6500000, 0x00000000e6600000|  0%| F|  |TAMS 0x00000000e6500000| PB 0x00000000e6500000| Untracked 
| 102|0x00000000e6600000, 0x00000000e6600000, 0x00000000e6700000|  0%| F|  |TAMS 0x00000000e6600000| PB 0x00000000e6600000| Untracked 
| 103|0x00000000e6700000, 0x00000000e6700000, 0x00000000e6800000|  0%| F|  |TAMS 0x00000000e6700000| PB 0x00000000e6700000| Untracked 
| 104|0x00000000e6800000, 0x00000000e6800000, 0x00000000e6900000|  0%| F|  |TAMS 0x00000000e6800000| PB 0x00000000e6800000| Untracked 
| 105|0x00000000e6900000, 0x00000000e6900000, 0x00000000e6a00000|  0%| F|  |TAMS 0x00000000e6900000| PB 0x00000000e6900000| Untracked 
| 106|0x00000000e6a00000, 0x00000000e6a00000, 0x00000000e6b00000|  0%| F|  |TAMS 0x00000000e6a00000| PB 0x00000000e6a00000| Untracked 
| 107|0x00000000e6b00000, 0x00000000e6b00000, 0x00000000e6c00000|  0%| F|  |TAMS 0x00000000e6b00000| PB 0x00000000e6b00000| Untracked 
| 108|0x00000000e6c00000, 0x00000000e6c00000, 0x00000000e6d00000|  0%| F|  |TAMS 0x00000000e6c00000| PB 0x00000000e6c00000| Untracked 
| 109|0x00000000e6d00000, 0x00000000e6d00000, 0x00000000e6e00000|  0%| F|  |TAMS 0x00000000e6d00000| PB 0x00000000e6d00000| Untracked 
| 110|0x00000000e6e00000, 0x00000000e6e00000, 0x00000000e6f00000|  0%| F|  |TAMS 0x00000000e6e00000| PB 0x00000000e6e00000| Untracked 
| 111|0x00000000e6f00000, 0x00000000e6f00000, 0x00000000e7000000|  0%| F|  |TAMS 0x00000000e6f00000| PB 0x00000000e6f00000| Untracked 
| 112|0x00000000e7000000, 0x00000000e7000000, 0x00000000e7100000|  0%| F|  |TAMS 0x00000000e7000000| PB 0x00000000e7000000| Untracked 
| 113|0x00000000e7100000, 0x00000000e7100000, 0x00000000e7200000|  0%| F|  |TAMS 0x00000000e7100000| PB 0x00000000e7100000| Untracked 
| 114|0x00000000e7200000, 0x00000000e7200000, 0x00000000e7300000|  0%| F|  |TAMS 0x00000000e7200000| PB 0x00000000e7200000| Untracked 
| 115|0x00000000e7300000, 0x00000000e7300000, 0x00000000e7400000|  0%| F|  |TAMS 0x00000000e7300000| PB 0x00000000e7300000| Untracked 
| 116|0x00000000e7400000, 0x00000000e7400000, 0x00000000e7500000|  0%| F|  |TAMS 0x00000000e7400000| PB 0x00000000e7400000| Untracked 
| 117|0x00000000e7500000, 0x00000000e7500000, 0x00000000e7600000|  0%| F|  |TAMS 0x00000000e7500000| PB 0x00000000e7500000| Untracked 
| 118|0x00000000e7600000, 0x00000000e7600000, 0x00000000e7700000|  0%| F|  |TAMS 0x00000000e7600000| PB 0x00000000e7600000| Untracked 
| 119|0x00000000e7700000, 0x00000000e7700000, 0x00000000e7800000|  0%| F|  |TAMS 0x00000000e7700000| PB 0x00000000e7700000| Untracked 
| 120|0x00000000e7800000, 0x00000000e7800000, 0x00000000e7900000|  0%| F|  |TAMS 0x00000000e7800000| PB 0x00000000e7800000| Untracked 
| 121|0x00000000e7900000, 0x00000000e7900000, 0x00000000e7a00000|  0%| F|  |TAMS 0x00000000e7900000| PB 0x00000000e7900000| Untracked 
| 122|0x00000000e7a00000, 0x00000000e7a00000, 0x00000000e7b00000|  0%| F|  |TAMS 0x00000000e7a00000| PB 0x00000000e7a00000| Untracked 
| 123|0x00000000e7b00000, 0x00000000e7b00000, 0x00000000e7c00000|  0%| F|  |TAMS 0x00000000e7b00000| PB 0x00000000e7b00000| Untracked 
| 124|0x00000000e7c00000, 0x00000000e7c00000, 0x00000000e7d00000|  0%| F|  |TAMS 0x00000000e7c00000| PB 0x00000000e7c00000| Untracked 
| 125|0x00000000e7d00000, 0x00000000e7d00000, 0x00000000e7e00000|  0%| F|  |TAMS 0x00000000e7d00000| PB 0x00000000e7d00000| Untracked 
| 126|0x00000000e7e00000, 0x00000000e7e00000, 0x00000000e7f00000|  0%| F|  |TAMS 0x00000000e7e00000| PB 0x00000000e7e00000| Untracked 
| 127|0x00000000e7f00000, 0x00000000e7f00000, 0x00000000e8000000|  0%| F|  |TAMS 0x00000000e7f00000| PB 0x00000000e7f00000| Untracked 
| 128|0x00000000e8000000, 0x00000000e8000000, 0x00000000e8100000|  0%| F|  |TAMS 0x00000000e8000000| PB 0x00000000e8000000| Untracked 
| 129|0x00000000e8100000, 0x00000000e8100000, 0x00000000e8200000|  0%| F|  |TAMS 0x00000000e8100000| PB 0x00000000e8100000| Untracked 
| 130|0x00000000e8200000, 0x00000000e8200000, 0x00000000e8300000|  0%| F|  |TAMS 0x00000000e8200000| PB 0x00000000e8200000| Untracked 
| 131|0x00000000e8300000, 0x00000000e8300000, 0x00000000e8400000|  0%| F|  |TAMS 0x00000000e8300000| PB 0x00000000e8300000| Untracked 
| 132|0x00000000e8400000, 0x00000000e8400000, 0x00000000e8500000|  0%| F|  |TAMS 0x00000000e8400000| PB 0x00000000e8400000| Untracked 
| 133|0x00000000e8500000, 0x00000000e8500000, 0x00000000e8600000|  0%| F|  |TAMS 0x00000000e8500000| PB 0x00000000e8500000| Untracked 
| 134|0x00000000e8600000, 0x00000000e8600000, 0x00000000e8700000|  0%| F|  |TAMS 0x00000000e8600000| PB 0x00000000e8600000| Untracked 
| 135|0x00000000e8700000, 0x00000000e8700000, 0x00000000e8800000|  0%| F|  |TAMS 0x00000000e8700000| PB 0x00000000e8700000| Untracked 
| 136|0x00000000e8800000, 0x00000000e8800000, 0x00000000e8900000|  0%| F|  |TAMS 0x00000000e8800000| PB 0x00000000e8800000| Untracked 
| 137|0x00000000e8900000, 0x00000000e8900000, 0x00000000e8a00000|  0%| F|  |TAMS 0x00000000e8900000| PB 0x00000000e8900000| Untracked 
| 138|0x00000000e8a00000, 0x00000000e8a00000, 0x00000000e8b00000|  0%| F|  |TAMS 0x00000000e8a00000| PB 0x00000000e8a00000| Untracked 
| 139|0x00000000e8b00000, 0x00000000e8b00000, 0x00000000e8c00000|  0%| F|  |TAMS 0x00000000e8b00000| PB 0x00000000e8b00000| Untracked 
| 140|0x00000000e8c00000, 0x00000000e8c00000, 0x00000000e8d00000|  0%| F|  |TAMS 0x00000000e8c00000| PB 0x00000000e8c00000| Untracked 
| 141|0x00000000e8d00000, 0x00000000e8d00000, 0x00000000e8e00000|  0%| F|  |TAMS 0x00000000e8d00000| PB 0x00000000e8d00000| Untracked 
| 142|0x00000000e8e00000, 0x00000000e8e00000, 0x00000000e8f00000|  0%| F|  |TAMS 0x00000000e8e00000| PB 0x00000000e8e00000| Untracked 
| 143|0x00000000e8f00000, 0x00000000e8f00000, 0x00000000e9000000|  0%| F|  |TAMS 0x00000000e8f00000| PB 0x00000000e8f00000| Untracked 
| 144|0x00000000e9000000, 0x00000000e903d050, 0x00000000e9100000| 23%| S|CS|TAMS 0x00000000e9000000| PB 0x00000000e9000000| Complete 
| 145|0x00000000e9100000, 0x00000000e9200000, 0x00000000e9200000|100%| S|CS|TAMS 0x00000000e9100000| PB 0x00000000e9100000| Complete 
| 146|0x00000000e9200000, 0x00000000e9300000, 0x00000000e9300000|100%| S|CS|TAMS 0x00000000e9200000| PB 0x00000000e9200000| Complete 
| 147|0x00000000e9300000, 0x00000000e9400000, 0x00000000e9400000|100%| S|CS|TAMS 0x00000000e9300000| PB 0x00000000e9300000| Complete 
| 148|0x00000000e9400000, 0x00000000e9500000, 0x00000000e9500000|100%| S|CS|TAMS 0x00000000e9400000| PB 0x00000000e9400000| Complete 
| 149|0x00000000e9500000, 0x00000000e9600000, 0x00000000e9600000|100%| S|CS|TAMS 0x00000000e9500000| PB 0x00000000e9500000| Complete 
| 150|0x00000000e9600000, 0x00000000e9700000, 0x00000000e9700000|100%| S|CS|TAMS 0x00000000e9600000| PB 0x00000000e9600000| Complete 
| 151|0x00000000e9700000, 0x00000000e9800000, 0x00000000e9800000|100%| S|CS|TAMS 0x00000000e9700000| PB 0x00000000e9700000| Complete 
| 152|0x00000000e9800000, 0x00000000e9800000, 0x00000000e9900000|  0%| F|  |TAMS 0x00000000e9800000| PB 0x00000000e9800000| Untracked 
| 153|0x00000000e9900000, 0x00000000e9900000, 0x00000000e9a00000|  0%| F|  |TAMS 0x00000000e9900000| PB 0x00000000e9900000| Untracked 
| 154|0x00000000e9a00000, 0x00000000e9a00000, 0x00000000e9b00000|  0%| F|  |TAMS 0x00000000e9a00000| PB 0x00000000e9a00000| Untracked 
| 155|0x00000000e9b00000, 0x00000000e9b00000, 0x00000000e9c00000|  0%| F|  |TAMS 0x00000000e9b00000| PB 0x00000000e9b00000| Untracked 
| 156|0x00000000e9c00000, 0x00000000e9c00000, 0x00000000e9d00000|  0%| F|  |TAMS 0x00000000e9c00000| PB 0x00000000e9c00000| Untracked 
| 157|0x00000000e9d00000, 0x00000000e9d00000, 0x00000000e9e00000|  0%| F|  |TAMS 0x00000000e9d00000| PB 0x00000000e9d00000| Untracked 
| 158|0x00000000e9e00000, 0x00000000e9e00000, 0x00000000e9f00000|  0%| F|  |TAMS 0x00000000e9e00000| PB 0x00000000e9e00000| Untracked 
| 159|0x00000000e9f00000, 0x00000000e9f00000, 0x00000000ea000000|  0%| F|  |TAMS 0x00000000e9f00000| PB 0x00000000e9f00000| Untracked 
| 160|0x00000000ea000000, 0x00000000ea000000, 0x00000000ea100000|  0%| F|  |TAMS 0x00000000ea000000| PB 0x00000000ea000000| Untracked 
| 161|0x00000000ea100000, 0x00000000ea100000, 0x00000000ea200000|  0%| F|  |TAMS 0x00000000ea100000| PB 0x00000000ea100000| Untracked 
| 162|0x00000000ea200000, 0x00000000ea200000, 0x00000000ea300000|  0%| F|  |TAMS 0x00000000ea200000| PB 0x00000000ea200000| Untracked 
| 163|0x00000000ea300000, 0x00000000ea300000, 0x00000000ea400000|  0%| F|  |TAMS 0x00000000ea300000| PB 0x00000000ea300000| Untracked 
| 164|0x00000000ea400000, 0x00000000ea400000, 0x00000000ea500000|  0%| F|  |TAMS 0x00000000ea400000| PB 0x00000000ea400000| Untracked 
| 165|0x00000000ea500000, 0x00000000ea500000, 0x00000000ea600000|  0%| F|  |TAMS 0x00000000ea500000| PB 0x00000000ea500000| Untracked 
| 166|0x00000000ea600000, 0x00000000ea600000, 0x00000000ea700000|  0%| F|  |TAMS 0x00000000ea600000| PB 0x00000000ea600000| Untracked 
| 167|0x00000000ea700000, 0x00000000ea700000, 0x00000000ea800000|  0%| F|  |TAMS 0x00000000ea700000| PB 0x00000000ea700000| Untracked 
| 168|0x00000000ea800000, 0x00000000ea800000, 0x00000000ea900000|  0%| F|  |TAMS 0x00000000ea800000| PB 0x00000000ea800000| Untracked 
| 169|0x00000000ea900000, 0x00000000ea900000, 0x00000000eaa00000|  0%| F|  |TAMS 0x00000000ea900000| PB 0x00000000ea900000| Untracked 
| 170|0x00000000eaa00000, 0x00000000eaa00000, 0x00000000eab00000|  0%| F|  |TAMS 0x00000000eaa00000| PB 0x00000000eaa00000| Untracked 
| 171|0x00000000eab00000, 0x00000000eab00000, 0x00000000eac00000|  0%| F|  |TAMS 0x00000000eab00000| PB 0x00000000eab00000| Untracked 
| 172|0x00000000eac00000, 0x00000000eac00000, 0x00000000ead00000|  0%| F|  |TAMS 0x00000000eac00000| PB 0x00000000eac00000| Untracked 
| 173|0x00000000ead00000, 0x00000000ead00000, 0x00000000eae00000|  0%| F|  |TAMS 0x00000000ead00000| PB 0x00000000ead00000| Untracked 
| 174|0x00000000eae00000, 0x00000000eae00000, 0x00000000eaf00000|  0%| F|  |TAMS 0x00000000eae00000| PB 0x00000000eae00000| Untracked 
| 175|0x00000000eaf00000, 0x00000000eaf00000, 0x00000000eb000000|  0%| F|  |TAMS 0x00000000eaf00000| PB 0x00000000eaf00000| Untracked 
| 176|0x00000000eb000000, 0x00000000eb000000, 0x00000000eb100000|  0%| F|  |TAMS 0x00000000eb000000| PB 0x00000000eb000000| Untracked 
| 177|0x00000000eb100000, 0x00000000eb100000, 0x00000000eb200000|  0%| F|  |TAMS 0x00000000eb100000| PB 0x00000000eb100000| Untracked 
| 178|0x00000000eb200000, 0x00000000eb200000, 0x00000000eb300000|  0%| F|  |TAMS 0x00000000eb200000| PB 0x00000000eb200000| Untracked 
| 179|0x00000000eb300000, 0x00000000eb300000, 0x00000000eb400000|  0%| F|  |TAMS 0x00000000eb300000| PB 0x00000000eb300000| Untracked 
| 180|0x00000000eb400000, 0x00000000eb400000, 0x00000000eb500000|  0%| F|  |TAMS 0x00000000eb400000| PB 0x00000000eb400000| Untracked 
| 181|0x00000000eb500000, 0x00000000eb500000, 0x00000000eb600000|  0%| F|  |TAMS 0x00000000eb500000| PB 0x00000000eb500000| Untracked 
| 182|0x00000000eb600000, 0x00000000eb600000, 0x00000000eb700000|  0%| F|  |TAMS 0x00000000eb600000| PB 0x00000000eb600000| Untracked 
| 183|0x00000000eb700000, 0x00000000eb700000, 0x00000000eb800000|  0%| F|  |TAMS 0x00000000eb700000| PB 0x00000000eb700000| Untracked 
| 184|0x00000000eb800000, 0x00000000eb800000, 0x00000000eb900000|  0%| F|  |TAMS 0x00000000eb800000| PB 0x00000000eb800000| Untracked 
| 185|0x00000000eb900000, 0x00000000eb900000, 0x00000000eba00000|  0%| F|  |TAMS 0x00000000eb900000| PB 0x00000000eb900000| Untracked 
| 186|0x00000000eba00000, 0x00000000eba00000, 0x00000000ebb00000|  0%| F|  |TAMS 0x00000000eba00000| PB 0x00000000eba00000| Untracked 
| 187|0x00000000ebb00000, 0x00000000ebb00000, 0x00000000ebc00000|  0%| F|  |TAMS 0x00000000ebb00000| PB 0x00000000ebb00000| Untracked 
| 188|0x00000000ebc00000, 0x00000000ebc00000, 0x00000000ebd00000|  0%| F|  |TAMS 0x00000000ebc00000| PB 0x00000000ebc00000| Untracked 
| 189|0x00000000ebd00000, 0x00000000ebd00000, 0x00000000ebe00000|  0%| F|  |TAMS 0x00000000ebd00000| PB 0x00000000ebd00000| Untracked 
| 190|0x00000000ebe00000, 0x00000000ebe00000, 0x00000000ebf00000|  0%| F|  |TAMS 0x00000000ebe00000| PB 0x00000000ebe00000| Untracked 
| 191|0x00000000ebf00000, 0x00000000ebf00000, 0x00000000ec000000|  0%| F|  |TAMS 0x00000000ebf00000| PB 0x00000000ebf00000| Untracked 
| 192|0x00000000ec000000, 0x00000000ec000000, 0x00000000ec100000|  0%| F|  |TAMS 0x00000000ec000000| PB 0x00000000ec000000| Untracked 
| 193|0x00000000ec100000, 0x00000000ec100000, 0x00000000ec200000|  0%| F|  |TAMS 0x00000000ec100000| PB 0x00000000ec100000| Untracked 
| 194|0x00000000ec200000, 0x00000000ec200000, 0x00000000ec300000|  0%| F|  |TAMS 0x00000000ec200000| PB 0x00000000ec200000| Untracked 
| 195|0x00000000ec300000, 0x00000000ec300000, 0x00000000ec400000|  0%| F|  |TAMS 0x00000000ec300000| PB 0x00000000ec300000| Untracked 
| 196|0x00000000ec400000, 0x00000000ec400000, 0x00000000ec500000|  0%| F|  |TAMS 0x00000000ec400000| PB 0x00000000ec400000| Untracked 
| 197|0x00000000ec500000, 0x00000000ec500000, 0x00000000ec600000|  0%| F|  |TAMS 0x00000000ec500000| PB 0x00000000ec500000| Untracked 
| 198|0x00000000ec600000, 0x00000000ec600000, 0x00000000ec700000|  0%| F|  |TAMS 0x00000000ec600000| PB 0x00000000ec600000| Untracked 
| 199|0x00000000ec700000, 0x00000000ec700000, 0x00000000ec800000|  0%| F|  |TAMS 0x00000000ec700000| PB 0x00000000ec700000| Untracked 
| 200|0x00000000ec800000, 0x00000000ec800000, 0x00000000ec900000|  0%| F|  |TAMS 0x00000000ec800000| PB 0x00000000ec800000| Untracked 
| 201|0x00000000ec900000, 0x00000000ec900000, 0x00000000eca00000|  0%| F|  |TAMS 0x00000000ec900000| PB 0x00000000ec900000| Untracked 
| 202|0x00000000eca00000, 0x00000000eca00000, 0x00000000ecb00000|  0%| F|  |TAMS 0x00000000eca00000| PB 0x00000000eca00000| Untracked 
| 203|0x00000000ecb00000, 0x00000000ecb00000, 0x00000000ecc00000|  0%| F|  |TAMS 0x00000000ecb00000| PB 0x00000000ecb00000| Untracked 
| 204|0x00000000ecc00000, 0x00000000ecc00000, 0x00000000ecd00000|  0%| F|  |TAMS 0x00000000ecc00000| PB 0x00000000ecc00000| Untracked 
| 205|0x00000000ecd00000, 0x00000000ecd00000, 0x00000000ece00000|  0%| F|  |TAMS 0x00000000ecd00000| PB 0x00000000ecd00000| Untracked 
| 206|0x00000000ece00000, 0x00000000ece00000, 0x00000000ecf00000|  0%| F|  |TAMS 0x00000000ece00000| PB 0x00000000ece00000| Untracked 
| 207|0x00000000ecf00000, 0x00000000ecf00000, 0x00000000ed000000|  0%| F|  |TAMS 0x00000000ecf00000| PB 0x00000000ecf00000| Untracked 
| 208|0x00000000ed000000, 0x00000000ed000000, 0x00000000ed100000|  0%| F|  |TAMS 0x00000000ed000000| PB 0x00000000ed000000| Untracked 
| 209|0x00000000ed100000, 0x00000000ed100000, 0x00000000ed200000|  0%| F|  |TAMS 0x00000000ed100000| PB 0x00000000ed100000| Untracked 
| 210|0x00000000ed200000, 0x00000000ed200000, 0x00000000ed300000|  0%| F|  |TAMS 0x00000000ed200000| PB 0x00000000ed200000| Untracked 
| 211|0x00000000ed300000, 0x00000000ed300000, 0x00000000ed400000|  0%| F|  |TAMS 0x00000000ed300000| PB 0x00000000ed300000| Untracked 
| 212|0x00000000ed400000, 0x00000000ed400000, 0x00000000ed500000|  0%| F|  |TAMS 0x00000000ed400000| PB 0x00000000ed400000| Untracked 
| 213|0x00000000ed500000, 0x00000000ed500000, 0x00000000ed600000|  0%| F|  |TAMS 0x00000000ed500000| PB 0x00000000ed500000| Untracked 
| 214|0x00000000ed600000, 0x00000000ed600000, 0x00000000ed700000|  0%| F|  |TAMS 0x00000000ed600000| PB 0x00000000ed600000| Untracked 
| 215|0x00000000ed700000, 0x00000000ed700000, 0x00000000ed800000|  0%| F|  |TAMS 0x00000000ed700000| PB 0x00000000ed700000| Untracked 
| 216|0x00000000ed800000, 0x00000000ed800000, 0x00000000ed900000|  0%| F|  |TAMS 0x00000000ed800000| PB 0x00000000ed800000| Untracked 
| 217|0x00000000ed900000, 0x00000000ed900000, 0x00000000eda00000|  0%| F|  |TAMS 0x00000000ed900000| PB 0x00000000ed900000| Untracked 
| 218|0x00000000eda00000, 0x00000000eda00000, 0x00000000edb00000|  0%| F|  |TAMS 0x00000000eda00000| PB 0x00000000eda00000| Untracked 
| 219|0x00000000edb00000, 0x00000000edb00000, 0x00000000edc00000|  0%| F|  |TAMS 0x00000000edb00000| PB 0x00000000edb00000| Untracked 
| 220|0x00000000edc00000, 0x00000000edc00000, 0x00000000edd00000|  0%| F|  |TAMS 0x00000000edc00000| PB 0x00000000edc00000| Untracked 
| 221|0x00000000edd00000, 0x00000000edd00000, 0x00000000ede00000|  0%| F|  |TAMS 0x00000000edd00000| PB 0x00000000edd00000| Untracked 
| 222|0x00000000ede00000, 0x00000000ede00000, 0x00000000edf00000|  0%| F|  |TAMS 0x00000000ede00000| PB 0x00000000ede00000| Untracked 
| 223|0x00000000edf00000, 0x00000000edf00000, 0x00000000ee000000|  0%| F|  |TAMS 0x00000000edf00000| PB 0x00000000edf00000| Untracked 
| 224|0x00000000ee000000, 0x00000000ee000000, 0x00000000ee100000|  0%| F|  |TAMS 0x00000000ee000000| PB 0x00000000ee000000| Untracked 
| 225|0x00000000ee100000, 0x00000000ee100000, 0x00000000ee200000|  0%| F|  |TAMS 0x00000000ee100000| PB 0x00000000ee100000| Untracked 
| 226|0x00000000ee200000, 0x00000000ee200000, 0x00000000ee300000|  0%| F|  |TAMS 0x00000000ee200000| PB 0x00000000ee200000| Untracked 
| 227|0x00000000ee300000, 0x00000000ee300000, 0x00000000ee400000|  0%| F|  |TAMS 0x00000000ee300000| PB 0x00000000ee300000| Untracked 
| 228|0x00000000ee400000, 0x00000000ee400000, 0x00000000ee500000|  0%| F|  |TAMS 0x00000000ee400000| PB 0x00000000ee400000| Untracked 
| 229|0x00000000ee500000, 0x00000000ee500000, 0x00000000ee600000|  0%| F|  |TAMS 0x00000000ee500000| PB 0x00000000ee500000| Untracked 
| 230|0x00000000ee600000, 0x00000000ee700000, 0x00000000ee700000|100%| E|  |TAMS 0x00000000ee600000| PB 0x00000000ee600000| Complete 
| 231|0x00000000ee700000, 0x00000000ee800000, 0x00000000ee800000|100%| E|CS|TAMS 0x00000000ee700000| PB 0x00000000ee700000| Complete 
| 232|0x00000000ee800000, 0x00000000ee900000, 0x00000000ee900000|100%| E|CS|TAMS 0x00000000ee800000| PB 0x00000000ee800000| Complete 
| 233|0x00000000ee900000, 0x00000000eea00000, 0x00000000eea00000|100%| E|CS|TAMS 0x00000000ee900000| PB 0x00000000ee900000| Complete 
| 234|0x00000000eea00000, 0x00000000eeb00000, 0x00000000eeb00000|100%| E|CS|TAMS 0x00000000eea00000| PB 0x00000000eea00000| Complete 
| 235|0x00000000eeb00000, 0x00000000eec00000, 0x00000000eec00000|100%| E|CS|TAMS 0x00000000eeb00000| PB 0x00000000eeb00000| Complete 
| 236|0x00000000eec00000, 0x00000000eed00000, 0x00000000eed00000|100%| E|CS|TAMS 0x00000000eec00000| PB 0x00000000eec00000| Complete 
| 237|0x00000000eed00000, 0x00000000eee00000, 0x00000000eee00000|100%| E|CS|TAMS 0x00000000eed00000| PB 0x00000000eed00000| Complete 
| 238|0x00000000eee00000, 0x00000000eef00000, 0x00000000eef00000|100%| E|CS|TAMS 0x00000000eee00000| PB 0x00000000eee00000| Complete 
| 239|0x00000000eef00000, 0x00000000ef000000, 0x00000000ef000000|100%| E|CS|TAMS 0x00000000eef00000| PB 0x00000000eef00000| Complete 
| 240|0x00000000ef000000, 0x00000000ef100000, 0x00000000ef100000|100%| E|CS|TAMS 0x00000000ef000000| PB 0x00000000ef000000| Complete 
| 241|0x00000000ef100000, 0x00000000ef200000, 0x00000000ef200000|100%| E|CS|TAMS 0x00000000ef100000| PB 0x00000000ef100000| Complete 
| 242|0x00000000ef200000, 0x00000000ef300000, 0x00000000ef300000|100%| E|CS|TAMS 0x00000000ef200000| PB 0x00000000ef200000| Complete 
| 243|0x00000000ef300000, 0x00000000ef400000, 0x00000000ef400000|100%| E|CS|TAMS 0x00000000ef300000| PB 0x00000000ef300000| Complete 
| 244|0x00000000ef400000, 0x00000000ef500000, 0x00000000ef500000|100%| E|CS|TAMS 0x00000000ef400000| PB 0x00000000ef400000| Complete 
| 245|0x00000000ef500000, 0x00000000ef600000, 0x00000000ef600000|100%| E|CS|TAMS 0x00000000ef500000| PB 0x00000000ef500000| Complete 
| 246|0x00000000ef600000, 0x00000000ef700000, 0x00000000ef700000|100%| E|CS|TAMS 0x00000000ef600000| PB 0x00000000ef600000| Complete 
| 247|0x00000000ef700000, 0x00000000ef800000, 0x00000000ef800000|100%| E|CS|TAMS 0x00000000ef700000| PB 0x00000000ef700000| Complete 
| 248|0x00000000ef800000, 0x00000000ef900000, 0x00000000ef900000|100%| E|CS|TAMS 0x00000000ef800000| PB 0x00000000ef800000| Complete 
| 249|0x00000000ef900000, 0x00000000efa00000, 0x00000000efa00000|100%| E|CS|TAMS 0x00000000ef900000| PB 0x00000000ef900000| Complete 
| 250|0x00000000efa00000, 0x00000000efb00000, 0x00000000efb00000|100%| E|CS|TAMS 0x00000000efa00000| PB 0x00000000efa00000| Complete 
| 251|0x00000000efb00000, 0x00000000efc00000, 0x00000000efc00000|100%| E|CS|TAMS 0x00000000efb00000| PB 0x00000000efb00000| Complete 
| 252|0x00000000efc00000, 0x00000000efd00000, 0x00000000efd00000|100%| E|CS|TAMS 0x00000000efc00000| PB 0x00000000efc00000| Complete 
| 253|0x00000000efd00000, 0x00000000efe00000, 0x00000000efe00000|100%| E|CS|TAMS 0x00000000efd00000| PB 0x00000000efd00000| Complete 
| 254|0x00000000efe00000, 0x00000000eff00000, 0x00000000eff00000|100%| E|CS|TAMS 0x00000000efe00000| PB 0x00000000efe00000| Complete 
| 255|0x00000000eff00000, 0x00000000f0000000, 0x00000000f0000000|100%| E|CS|TAMS 0x00000000eff00000| PB 0x00000000eff00000| Complete 

Card table byte_map: [0x00000236fb940000,0x00000236fba40000] _byte_map_base: 0x00000236fb240000

Marking Bits: (CMBitMap*) 0x00000236e390cd50
 Bits: [0x00000236fba40000, 0x00000236fc240000)

Polling page: 0x00000236e17b0000

Metaspace:

Usage:
  Non-class:     31.77 MB used.
      Class:      5.22 MB used.
       Both:     36.98 MB used.

Virtual space:
  Non-class space:       64.00 MB reserved,      32.50 MB ( 51%) committed,  1 nodes.
      Class space:      320.00 MB reserved,       5.94 MB (  2%) committed,  1 nodes.
             Both:      384.00 MB reserved,      38.44 MB ( 10%) committed. 

Chunk freelists:
   Non-Class:  14.73 MB
       Class:  9.96 MB
        Both:  24.69 MB

MaxMetaspaceSize: 384.00 MB
CompressedClassSpaceSize: 320.00 MB
Initial GC threshold: 21.00 MB
Current GC threshold: 58.69 MB
CDS: on
 - commit_granule_bytes: 65536.
 - commit_granule_words: 8192.
 - virtual_space_node_default_size: 8388608.
 - enlarge_chunks_in_place: 1.
 - use_allocation_guard: 0.


Internal statistics:

num_allocs_failed_limit: 6.
num_arena_births: 2526.
num_arena_deaths: 0.
num_vsnodes_births: 2.
num_vsnodes_deaths: 0.
num_space_committed: 615.
num_space_uncommitted: 0.
num_chunks_returned_to_freelist: 6.
num_chunks_taken_from_freelist: 4296.
num_chunk_merges: 6.
num_chunk_splits: 2804.
num_chunks_enlarged: 1730.
num_inconsistent_stats: 0.

CodeHeap 'non-profiled nmethods': size=119168Kb used=2246Kb max_used=2458Kb free=116921Kb
 bounds [0x00000236f3b60000, 0x00000236f3dd0000, 0x00000236fafc0000]
CodeHeap 'profiled nmethods': size=119104Kb used=7769Kb max_used=8249Kb free=111334Kb
 bounds [0x00000236ebfc0000, 0x00000236ec7d0000, 0x00000236f3410000]
CodeHeap 'non-nmethods': size=7488Kb used=3630Kb max_used=3640Kb free=3857Kb
 bounds [0x00000236f3410000, 0x00000236f37a0000, 0x00000236f3b60000]
 total_blobs=4688 nmethods=3983 adapters=606
 compilation: enabled
              stopped_count=0, restarted_count=0
 full_count=0

Compilation events (20 events):
Event: 4.481 Thread 0x00000236ff24e260 4500       3       org.gradle.internal.instantiation.generator.AbstractClassGenerator$MethodMetadata::<init> (15 bytes)
Event: 4.481 Thread 0x00000236ff308720 4501       3       org.gradle.internal.instantiation.generator.AbstractClassGenerator$PropertyMetadata::addGetter (129 bytes)
Event: 4.482 Thread 0x00000236ff24e260 nmethod 4500 0x00000236ec4fa190 code [0x00000236ec4fa340, 0x00000236ec4fa560]
Event: 4.482 Thread 0x0000023699432ce0 nmethod 4498 0x00000236ec1b7910 code [0x00000236ec1b7ae0, 0x00000236ec1b7e00]
Event: 4.482 Thread 0x00000236ff24e260 4502       3       org.gradle.internal.instantiation.generator.AbstractClassGenerator$MethodMetadata::shouldOverride (29 bytes)
Event: 4.482 Thread 0x00000236ff24e260 nmethod 4502 0x00000236ebfd7410 code [0x00000236ebfd75c0, 0x00000236ebfd78e0]
Event: 4.482 Thread 0x00000236ff24e260 4503       3       org.gradle.model.internal.asm.MethodVisitorScope::_ASTORE (8 bytes)
Event: 4.483 Thread 0x00000236ff308720 nmethod 4501 0x00000236ec07a310 code [0x00000236ec07a5e0, 0x00000236ec07b6b8]
Event: 4.483 Thread 0x00000236ff24e260 nmethod 4503 0x00000236ebfd6f10 code [0x00000236ebfd70c0, 0x00000236ebfd7330]
Event: 4.484 Thread 0x00000236991d1cc0 nmethod 4499 0x00000236ec231f10 code [0x00000236ec232440, 0x00000236ec2351e8]
Event: 4.485 Thread 0x00000236ff24e260 4504       3       org.gradle.internal.instantiation.generator.AsmBackedClassGenerator$ClassBuilderImpl::access$2600 (4 bytes)
Event: 4.485 Thread 0x00000236ff24e260 nmethod 4504 0x00000236ec210c10 code [0x00000236ec210da0, 0x00000236ec210e98]
Event: 4.486 Thread 0x00000236991d1cc0 4505       3       org.gradle.model.internal.asm.MethodVisitorScope::_IFNONNULL (9 bytes)
Event: 4.486 Thread 0x00000236991d1cc0 nmethod 4505 0x00000236ec017f90 code [0x00000236ec018140, 0x00000236ec0183b0]
Event: 4.488 Thread 0x00000236ff308720 4506       3       java.util.concurrent.locks.AbstractQueuedSynchronizer$Node::<init> (5 bytes)
Event: 4.488 Thread 0x00000236ff308720 nmethod 4506 0x00000236ec14ce90 code [0x00000236ec14d040, 0x00000236ec14d1a8]
Event: 4.518 Thread 0x00000236ff308720 4508       3       java.lang.invoke.InvokerBytecodeGenerator::getInternalName (103 bytes)
Event: 4.518 Thread 0x00000236991d1cc0 4509       3       java.lang.invoke.InvokerBytecodeGenerator::emitPushArguments (45 bytes)
Event: 4.519 Thread 0x00000236ff308720 nmethod 4508 0x00000236ebfcb290 code [0x00000236ebfcb4a0, 0x00000236ebfcb9b8]
Event: 4.519 Thread 0x00000236991d1cc0 nmethod 4509 0x00000236ebfca790 code [0x00000236ebfca980, 0x00000236ebfcaef0]

GC Heap History (8 events):
Event: 0.339 GC heap before
{Heap before GC invocations=0 (full 0):
 garbage-first heap   total 262144K, used 22528K [0x00000000e0000000, 0x0000000100000000)
  region size 1024K, 23 young (23552K), 0 survivors (0K)
 Metaspace       used 883K, committed 1024K, reserved 393216K
  class space    used 66K, committed 128K, reserved 327680K
}
Event: 0.341 GC heap after
{Heap after GC invocations=1 (full 0):
 garbage-first heap   total 262144K, used 1647K [0x00000000e0000000, 0x0000000100000000)
  region size 1024K, 2 young (2048K), 2 survivors (2048K)
 Metaspace       used 883K, committed 1024K, reserved 393216K
  class space    used 66K, committed 128K, reserved 327680K
}
Event: 0.885 GC heap before
{Heap before GC invocations=1 (full 0):
 garbage-first heap   total 262144K, used 41583K [0x00000000e0000000, 0x0000000100000000)
  region size 1024K, 38 young (38912K), 2 survivors (2048K)
 Metaspace       used 4665K, committed 4928K, reserved 393216K
  class space    used 568K, committed 704K, reserved 327680K
}
Event: 0.889 GC heap after
{Heap after GC invocations=2 (full 0):
 garbage-first heap   total 262144K, used 11764K [0x00000000e0000000, 0x0000000100000000)
  region size 1024K, 5 young (5120K), 5 survivors (5120K)
 Metaspace       used 4665K, committed 4928K, reserved 393216K
  class space    used 568K, committed 704K, reserved 327680K
}
Event: 2.631 GC heap before
{Heap before GC invocations=2 (full 0):
 garbage-first heap   total 262144K, used 153076K [0x00000000e0000000, 0x0000000100000000)
  region size 1024K, 141 young (144384K), 5 survivors (5120K)
 Metaspace       used 20917K, committed 21504K, reserved 393216K
  class space    used 2793K, committed 3072K, reserved 327680K
}
Event: 2.639 GC heap after
{Heap after GC invocations=3 (full 0):
 garbage-first heap   total 262144K, used 24006K [0x00000000e0000000, 0x0000000100000000)
  region size 1024K, 16 young (16384K), 16 survivors (16384K)
 Metaspace       used 20917K, committed 21504K, reserved 393216K
  class space    used 2793K, committed 3072K, reserved 327680K
}
Event: 3.985 GC heap before
{Heap before GC invocations=4 (full 0):
 garbage-first heap   total 262144K, used 128454K [0x00000000e0000000, 0x0000000100000000)
  region size 1024K, 120 young (122880K), 16 survivors (16384K)
 Metaspace       used 34670K, committed 35968K, reserved 393216K
  class space    used 4815K, committed 5504K, reserved 327680K
}
Event: 4.003 GC heap after
{Heap after GC invocations=5 (full 0):
 garbage-first heap   total 262144K, used 31097K [0x00000000e0000000, 0x0000000100000000)
  region size 1024K, 8 young (8192K), 8 survivors (8192K)
 Metaspace       used 34670K, committed 35968K, reserved 393216K
  class space    used 4815K, committed 5504K, reserved 327680K
}

Dll operation events (15 events):
Event: 0.010 Loaded shared library C:\Program Files\Eclipse Adoptium\jdk-21.0.6.7-hotspot\bin\java.dll
Event: 0.037 Loaded shared library C:\Program Files\Eclipse Adoptium\jdk-21.0.6.7-hotspot\bin\jsvml.dll
Event: 0.070 Loaded shared library C:\Program Files\Eclipse Adoptium\jdk-21.0.6.7-hotspot\bin\zip.dll
Event: 0.074 Loaded shared library C:\Program Files\Eclipse Adoptium\jdk-21.0.6.7-hotspot\bin\instrument.dll
Event: 0.077 Loaded shared library C:\Program Files\Eclipse Adoptium\jdk-21.0.6.7-hotspot\bin\net.dll
Event: 0.079 Loaded shared library C:\Program Files\Eclipse Adoptium\jdk-21.0.6.7-hotspot\bin\nio.dll
Event: 0.081 Loaded shared library C:\Program Files\Eclipse Adoptium\jdk-21.0.6.7-hotspot\bin\zip.dll
Event: 0.346 Loaded shared library C:\Program Files\Eclipse Adoptium\jdk-21.0.6.7-hotspot\bin\jimage.dll
Event: 0.539 Loaded shared library C:\Program Files\Eclipse Adoptium\jdk-21.0.6.7-hotspot\bin\verify.dll
Event: 0.564 Loaded shared library C:\Users\gargd\.gradle\native\660c5614fbf4a5f2a75b1949f50a0caf5cd603558e7d8a26e50b933a0cfb79d1\windows-amd64\native-platform.dll
Event: 0.576 Loaded shared library C:\Users\gargd\.gradle\native\0.2.8\x86_64-windows-gnu\gradle-fileevents.dll
Event: 1.453 Loaded shared library C:\Program Files\Eclipse Adoptium\jdk-21.0.6.7-hotspot\bin\management.dll
Event: 1.455 Loaded shared library C:\Program Files\Eclipse Adoptium\jdk-21.0.6.7-hotspot\bin\management_ext.dll
Event: 1.572 Loaded shared library C:\Program Files\Eclipse Adoptium\jdk-21.0.6.7-hotspot\bin\extnet.dll
Event: 1.737 Loaded shared library C:\Program Files\Eclipse Adoptium\jdk-21.0.6.7-hotspot\bin\sunmscapi.dll

Deoptimization events (20 events):
Event: 4.414 Thread 0x000002369a1e6040 Uncommon trap: trap_request=0xffffff45 fr.pc=0x00000236f3c8d94c relative=0x0000000000000f0c
Event: 4.414 Thread 0x000002369a1e6040 Uncommon trap: reason=unstable_if action=reinterpret pc=0x00000236f3c8d94c method=java.lang.invoke.LambdaForm$BasicType.basicType(C)Ljava/lang/invoke/LambdaForm$BasicType; @ 1 c2
Event: 4.414 Thread 0x000002369a1e6040 DEOPT PACKING pc=0x00000236f3c8d94c sp=0x0000009a9c5f8fe0
Event: 4.414 Thread 0x000002369a1e6040 DEOPT UNPACKING pc=0x00000236f34646a2 sp=0x0000009a9c5f8de0 mode 2
Event: 4.415 Thread 0x000002369a1e6040 Uncommon trap: trap_request=0xffffff45 fr.pc=0x00000236f3d45d88 relative=0x0000000000000b48
Event: 4.415 Thread 0x000002369a1e6040 Uncommon trap: reason=unstable_if action=reinterpret pc=0x00000236f3d45d88 method=java.lang.invoke.LambdaForm$BasicType.basicType(C)Ljava/lang/invoke/LambdaForm$BasicType; @ 1 c2
Event: 4.415 Thread 0x000002369a1e6040 DEOPT PACKING pc=0x00000236f3d45d88 sp=0x0000009a9c5f8c20
Event: 4.415 Thread 0x000002369a1e6040 DEOPT UNPACKING pc=0x00000236f34646a2 sp=0x0000009a9c5f8af0 mode 2
Event: 4.415 Thread 0x000002369a1e6040 Uncommon trap: trap_request=0xffffff45 fr.pc=0x00000236f3d8e360 relative=0x0000000000000660
Event: 4.415 Thread 0x000002369a1e6040 Uncommon trap: reason=unstable_if action=reinterpret pc=0x00000236f3d8e360 method=java.lang.invoke.LambdaForm$BasicType.basicType(C)Ljava/lang/invoke/LambdaForm$BasicType; @ 1 c2
Event: 4.415 Thread 0x000002369a1e6040 DEOPT PACKING pc=0x00000236f3d8e360 sp=0x0000009a9c5f9410
Event: 4.415 Thread 0x000002369a1e6040 DEOPT UNPACKING pc=0x00000236f34646a2 sp=0x0000009a9c5f92c0 mode 2
Event: 4.416 Thread 0x000002369a1e6040 Uncommon trap: trap_request=0xffffff45 fr.pc=0x00000236f3c2cb28 relative=0x0000000000000108
Event: 4.416 Thread 0x000002369a1e6040 Uncommon trap: reason=unstable_if action=reinterpret pc=0x00000236f3c2cb28 method=jdk.internal.org.objectweb.asm.ByteVector.putShort(I)Ljdk/internal/org/objectweb/asm/ByteVector; @ 13 c2
Event: 4.416 Thread 0x000002369a1e6040 DEOPT PACKING pc=0x00000236f3c2cb28 sp=0x0000009a9c5f8e50
Event: 4.416 Thread 0x000002369a1e6040 DEOPT UNPACKING pc=0x00000236f34646a2 sp=0x0000009a9c5f8dd8 mode 2
Event: 4.492 Thread 0x000002369a1e6040 Uncommon trap: trap_request=0xffffffde fr.pc=0x00000236f3c87994 relative=0x00000000000002b4
Event: 4.492 Thread 0x000002369a1e6040 Uncommon trap: reason=class_check action=maybe_recompile pc=0x00000236f3c87994 method=java.util.Collections$SetFromMap.remove(Ljava/lang/Object;)Z @ 5 c2
Event: 4.492 Thread 0x000002369a1e6040 DEOPT PACKING pc=0x00000236f3c87994 sp=0x0000009a9c5fa800
Event: 4.492 Thread 0x000002369a1e6040 DEOPT UNPACKING pc=0x00000236f34646a2 sp=0x0000009a9c5fa7e8 mode 2

Classes loaded (20 events):
Event: 4.381 Loading class java/lang/invoke/BoundMethodHandle$Species_LLLLIL
Event: 4.381 Loading class java/lang/invoke/BoundMethodHandle$Species_LLLLIL done
Event: 4.383 Loading class java/lang/invoke/BoundMethodHandle$Species_LLLLILL
Event: 4.383 Loading class java/lang/invoke/BoundMethodHandle$Species_LLLLILL done
Event: 4.385 Loading class java/lang/invoke/BoundMethodHandle$Species_LLLLILLL
Event: 4.385 Loading class java/lang/invoke/BoundMethodHandle$Species_LLLLILLL done
Event: 4.386 Loading class java/lang/invoke/BoundMethodHandle$Species_LLLLILLLL
Event: 4.386 Loading class java/lang/invoke/BoundMethodHandle$Species_LLLLILLLL done
Event: 4.387 Loading class java/lang/invoke/BoundMethodHandle$Species_LLLLILLLLL
Event: 4.388 Loading class java/lang/invoke/BoundMethodHandle$Species_LLLLILLLLL done
Event: 4.407 Loading class java/lang/invoke/MethodHandleImpl$Makers
Event: 4.407 Loading class java/lang/invoke/MethodHandleImpl$Makers done
Event: 4.407 Loading class java/lang/invoke/MethodHandleImpl$Makers$1
Event: 4.408 Loading class java/lang/invoke/MethodHandleImpl$Makers$1 done
Event: 4.408 Loading class java/lang/invoke/MethodHandleImpl$Makers$2
Event: 4.408 Loading class java/lang/invoke/MethodHandleImpl$Makers$2 done
Event: 4.408 Loading class java/lang/invoke/MethodHandleImpl$Makers$3
Event: 4.408 Loading class java/lang/invoke/MethodHandleImpl$Makers$3 done
Event: 4.408 Loading class java/lang/invoke/MethodHandleImpl$CountingWrapper
Event: 4.408 Loading class java/lang/invoke/MethodHandleImpl$CountingWrapper done

Classes unloaded (0 events):
No events

Classes redefined (0 events):
No events

Internal exceptions (20 events):
Event: 4.398 Thread 0x000002369a1e6040 Exception <a 'java/lang/NoSuchMethodError'{0x00000000eec9fab0}: 'java.lang.Object java.lang.invoke.DirectMethodHandle$Holder.invokeStaticInit(java.lang.Object, java.lang.Object, java.lang.Object, java.lang.Object, java.lang.Object)'> (0x00000000eec9fab0) 
thrown [s\src\hotspot\share\interpreter\linkResolver.cpp, line 773]
Event: 4.399 Thread 0x000002369a1e6040 Exception <a 'java/lang/IncompatibleClassChangeError'{0x00000000eeca3b78}: Found class java.lang.Object, but interface was expected> (0x00000000eeca3b78) 
thrown [s\src\hotspot\share\interpreter\linkResolver.cpp, line 840]
Event: 4.399 Thread 0x000002369a1e6040 Exception <a 'java/lang/NoSuchMethodError'{0x00000000eeca5188}: 'java.lang.Object java.lang.invoke.DirectMethodHandle$Holder.invokeInterface(java.lang.Object, java.lang.Object, java.lang.Object, java.lang.Object, java.lang.Object)'> (0x00000000eeca5188) 
thrown [s\src\hotspot\share\interpreter\linkResolver.cpp, line 773]
Event: 4.399 Thread 0x000002369a1e6040 Exception <a 'java/lang/NoSuchMethodError'{0x00000000eeca9be0}: 'java.lang.Object java.lang.invoke.DirectMethodHandle$Holder.invokeInterface(java.lang.Object, java.lang.Object, java.lang.Object, java.lang.Object)'> (0x00000000eeca9be0) 
thrown [s\src\hotspot\share\interpreter\linkResolver.cpp, line 773]
Event: 4.400 Thread 0x000002369a1e6040 Exception <a 'java/lang/IncompatibleClassChangeError'{0x00000000eecae0c8}: Found class java.lang.Object, but interface was expected> (0x00000000eecae0c8) 
thrown [s\src\hotspot\share\interpreter\linkResolver.cpp, line 840]
Event: 4.400 Thread 0x000002369a1e6040 Exception <a 'java/lang/NoSuchMethodError'{0x00000000eecafd08}: 'java.lang.Object java.lang.invoke.DirectMethodHandle$Holder.invokeStatic(java.lang.Object, java.lang.Object, int, java.lang.Object, java.lang.Object)'> (0x00000000eecafd08) 
thrown [s\src\hotspot\share\interpreter\linkResolver.cpp, line 773]
Event: 4.400 Thread 0x000002369a1e6040 Exception <a 'java/lang/NoSuchMethodError'{0x00000000eecb43a0}: 'java.lang.Object java.lang.invoke.DelegatingMethodHandle$Holder.reinvoke_L(java.lang.Object, java.lang.Object, int, java.lang.Object, java.lang.Object)'> (0x00000000eecb43a0) 
thrown [s\src\hotspot\share\interpreter\linkResolver.cpp, line 773]
Event: 4.406 Thread 0x000002369a1e6040 Exception <a 'java/lang/NoSuchMethodError'{0x00000000eeceb850}: 'java.lang.Object java.lang.invoke.DirectMethodHandle$Holder.invokeStatic(java.lang.Object, int, java.lang.Object, java.lang.Object)'> (0x00000000eeceb850) 
thrown [s\src\hotspot\share\interpreter\linkResolver.cpp, line 773]
Event: 4.407 Thread 0x000002369a1e6040 Exception <a 'java/lang/NoSuchMethodError'{0x00000000eecefee0}: 'java.lang.Object java.lang.invoke.DirectMethodHandle$Holder.invokeSpecial(java.lang.Object, java.lang.Object, int, java.lang.Object, java.lang.Object)'> (0x00000000eecefee0) 
thrown [s\src\hotspot\share\interpreter\linkResolver.cpp, line 773]
Event: 4.407 Thread 0x000002369a1e6040 Exception <a 'java/lang/NoSuchMethodError'{0x00000000eecf40a0}: 'java.lang.Object java.lang.invoke.DelegatingMethodHandle$Holder.delegate(java.lang.Object, int, java.lang.Object, java.lang.Object)'> (0x00000000eecf40a0) 
thrown [s\src\hotspot\share\interpreter\linkResolver.cpp, line 773]
Event: 4.417 Thread 0x000002369a1e6040 Exception <a 'java/lang/NoSuchMethodError'{0x00000000eeb19f30}: 'void java.lang.invoke.Invokers$Holder.invoke_MT(java.lang.Object, java.lang.Object, java.lang.Object, java.lang.Object)'> (0x00000000eeb19f30) 
thrown [s\src\hotspot\share\interpreter\linkResolver.cpp, line 773]
Event: 4.422 Thread 0x000002369a1e6040 Exception <a 'java/lang/NoSuchMethodError'{0x00000000eeb38b28}: 'java.lang.Object java.lang.invoke.DirectMethodHandle$Holder.invokeSpecial(java.lang.Object, java.lang.Object, java.lang.Object, java.lang.Object, int)'> (0x00000000eeb38b28) 
thrown [s\src\hotspot\share\interpreter\linkResolver.cpp, line 773]
Event: 4.433 Thread 0x000002369a1e6040 Exception <a 'java/lang/ClassNotFoundException'{0x00000000eebb9ed8}: org/gradle/initialization/DefaultSettings_DecoratedBeanInfo> (0x00000000eebb9ed8) 
thrown [s\src\hotspot\share\classfile\systemDictionary.cpp, line 312]
Event: 4.433 Thread 0x000002369a1e6040 Exception <a 'java/lang/ClassNotFoundException'{0x00000000eebc9920}: org/gradle/initialization/DefaultSettingsBeanInfo> (0x00000000eebc9920) 
thrown [s\src\hotspot\share\classfile\systemDictionary.cpp, line 312]
Event: 4.434 Thread 0x000002369a1e6040 Exception <a 'java/lang/ClassNotFoundException'{0x00000000eebd98b8}: org/gradle/api/internal/project/AbstractPluginAwareBeanInfo> (0x00000000eebd98b8) 
thrown [s\src\hotspot\share\classfile\systemDictionary.cpp, line 312]
Event: 4.435 Thread 0x000002369a1e6040 Exception <a 'java/lang/ClassNotFoundException'{0x00000000eebe98f8}: org/gradle/api/internal/project/AbstractPluginAwareCustomizer> (0x00000000eebe98f8) 
thrown [s\src\hotspot\share\classfile\systemDictionary.cpp, line 312]
Event: 4.438 Thread 0x000002369a1e6040 Exception <a 'java/lang/ClassNotFoundException'{0x00000000eea00b18}: org/gradle/initialization/DefaultSettingsCustomizer> (0x00000000eea00b18) 
thrown [s\src\hotspot\share\classfile\systemDictionary.cpp, line 312]
Event: 4.445 Thread 0x000002369a1e6040 Exception <a 'java/lang/ClassNotFoundException'{0x00000000eea4d7a0}: org/gradle/initialization/DefaultSettings_DecoratedCustomizer> (0x00000000eea4d7a0) 
thrown [s\src\hotspot\share\classfile\systemDictionary.cpp, line 312]
Event: 4.461 Thread 0x000002369a1e6040 Exception <a 'java/lang/ClassNotFoundException'{0x00000000ee935260}: org/gradle/initialization/DefaultProjectDescriptorBeanInfo> (0x00000000ee935260) 
thrown [s\src\hotspot\share\classfile\systemDictionary.cpp, line 312]
Event: 4.462 Thread 0x000002369a1e6040 Exception <a 'java/lang/ClassNotFoundException'{0x00000000ee943448}: org/gradle/initialization/DefaultProjectDescriptorCustomizer> (0x00000000ee943448) 
thrown [s\src\hotspot\share\classfile\systemDictionary.cpp, line 312]

ZGC Phase Switch (0 events):
No events

VM Operations (20 events):
Event: 4.057 Executing VM operation: HandshakeAllThreads (Deoptimize)
Event: 4.057 Executing VM operation: HandshakeAllThreads (Deoptimize) done
Event: 4.090 Executing VM operation: HandshakeAllThreads (Deoptimize)
Event: 4.091 Executing VM operation: HandshakeAllThreads (Deoptimize) done
Event: 4.105 Executing VM operation: HandshakeAllThreads (Deoptimize)
Event: 4.105 Executing VM operation: HandshakeAllThreads (Deoptimize) done
Event: 4.106 Executing VM operation: HandshakeAllThreads (Deoptimize)
Event: 4.106 Executing VM operation: HandshakeAllThreads (Deoptimize) done
Event: 4.221 Executing VM operation: HandshakeAllThreads (Deoptimize)
Event: 4.221 Executing VM operation: HandshakeAllThreads (Deoptimize) done
Event: 4.222 Executing VM operation: HandshakeAllThreads (Deoptimize)
Event: 4.222 Executing VM operation: HandshakeAllThreads (Deoptimize) done
Event: 4.367 Executing VM operation: HandshakeAllThreads (Deoptimize)
Event: 4.367 Executing VM operation: HandshakeAllThreads (Deoptimize) done
Event: 4.375 Executing VM operation: HandshakeAllThreads (Deoptimize)
Event: 4.376 Executing VM operation: HandshakeAllThreads (Deoptimize) done
Event: 4.378 Executing VM operation: HandshakeAllThreads (Deoptimize)
Event: 4.378 Executing VM operation: HandshakeAllThreads (Deoptimize) done
Event: 4.435 Executing VM operation: ICBufferFull
Event: 4.436 Executing VM operation: ICBufferFull done

Memory protections (0 events):
No events

Nmethod flushes (20 events):
Event: 4.011 Thread 0x00000236ff210cf0 flushing  nmethod 0x00000236f3be3190
Event: 4.011 Thread 0x00000236ff210cf0 flushing  nmethod 0x00000236f3be3610
Event: 4.011 Thread 0x00000236ff210cf0 flushing  nmethod 0x00000236f3be3990
Event: 4.011 Thread 0x00000236ff210cf0 flushing  nmethod 0x00000236f3c33f10
Event: 4.011 Thread 0x00000236ff210cf0 flushing  nmethod 0x00000236f3c62f90
Event: 4.011 Thread 0x00000236ff210cf0 flushing  nmethod 0x00000236f3c63290
Event: 4.011 Thread 0x00000236ff210cf0 flushing  nmethod 0x00000236f3c97890
Event: 4.011 Thread 0x00000236ff210cf0 flushing  nmethod 0x00000236ec058c90
Event: 4.011 Thread 0x00000236ff210cf0 flushing  nmethod 0x00000236ec059410
Event: 4.011 Thread 0x00000236ff210cf0 flushing  nmethod 0x00000236ec059b90
Event: 4.011 Thread 0x00000236ff210cf0 flushing  nmethod 0x00000236ec05ad90
Event: 4.011 Thread 0x00000236ff210cf0 flushing  nmethod 0x00000236ec05f110
Event: 4.011 Thread 0x00000236ff210cf0 flushing  nmethod 0x00000236ec060b90
Event: 4.011 Thread 0x00000236ff210cf0 flushing  nmethod 0x00000236ec061890
Event: 4.011 Thread 0x00000236ff210cf0 flushing  nmethod 0x00000236ec126b90
Event: 4.011 Thread 0x00000236ff210cf0 flushing  nmethod 0x00000236ec127090
Event: 4.011 Thread 0x00000236ff210cf0 flushing  nmethod 0x00000236ec127c90
Event: 4.011 Thread 0x00000236ff210cf0 flushing  nmethod 0x00000236ec12b090
Event: 4.011 Thread 0x00000236ff210cf0 flushing  nmethod 0x00000236ec182690
Event: 4.011 Thread 0x00000236ff210cf0 flushing  nmethod 0x00000236ec184110

Events (20 events):
Event: 1.795 Thread 0x000002369a4d5540 Thread added: 0x000002369a0ee4c0
Event: 1.802 Thread 0x000002369a4d5540 Thread added: 0x000002369a1e6040
Event: 1.810 Thread 0x000002369a1e6040 Thread added: 0x000002369a1e5320
Event: 1.813 Thread 0x000002369a1e6040 Thread added: 0x000002369a1e87a0
Event: 1.818 Thread 0x000002369a1e6040 Thread added: 0x000002369a1e66d0
Event: 1.844 Thread 0x00000236ff690ff0 Thread exited: 0x00000236ff690ff0
Event: 2.119 Thread 0x000002369a1e6040 Thread added: 0x000002369a1e59b0
Event: 2.124 Thread 0x000002369a1e6040 Thread added: 0x000002369a1e6d60
Event: 2.170 Thread 0x000002369a1e6040 Thread added: 0x000002369a1e73f0
Event: 2.869 Thread 0x00000236991d1cc0 Thread added: 0x000002369ec1f680
Event: 3.006 Thread 0x000002369a1e6040 Thread added: 0x000002369a1e7a80
Event: 3.029 Thread 0x000002369a1e6040 Thread added: 0x000002369a1e8110
Event: 3.205 Thread 0x000002369a1e6040 Thread added: 0x000002369bd8a1d0
Event: 3.208 Thread 0x000002369a1e6040 Thread added: 0x000002369bd8bc10
Event: 3.331 Thread 0x000002369a1e6040 Thread added: 0x000002369bd89b40
Event: 3.363 Thread 0x000002369a1e6040 Thread added: 0x000002369bd8a860
Event: 3.563 Thread 0x000002369a1e6040 Thread added: 0x000002369bd8aef0
Event: 3.608 Thread 0x000002369a1e6040 Thread added: 0x000002369bd8b580
Event: 4.165 Thread 0x000002369a1e6040 Thread added: 0x000002369bd88e20
Event: 4.205 Thread 0x000002369a1e6040 Thread added: 0x000002369bd8c930


Dynamic libraries:
0x00007ff760020000 - 0x00007ff76002e000 	C:\Program Files\Eclipse Adoptium\jdk-21.0.6.7-hotspot\bin\java.exe
0x00007ffff0160000 - 0x00007ffff03c7000 	C:\WINDOWS\SYSTEM32\ntdll.dll
0x00007fffef780000 - 0x00007fffef849000 	C:\WINDOWS\System32\KERNEL32.DLL
0x00007fffedb00000 - 0x00007fffedeef000 	C:\WINDOWS\System32\KERNELBASE.dll
0x00007fffed420000 - 0x00007fffed56b000 	C:\WINDOWS\System32\ucrtbase.dll
0x00007fffe2630000 - 0x00007fffe2648000 	C:\Program Files\Eclipse Adoptium\jdk-21.0.6.7-hotspot\bin\jli.dll
0x00007fffdcdf0000 - 0x00007fffdce0e000 	C:\Program Files\Eclipse Adoptium\jdk-21.0.6.7-hotspot\bin\VCRUNTIME140.dll
0x00007fffeea60000 - 0x00007fffeec25000 	C:\WINDOWS\System32\USER32.dll
0x00007fffda740000 - 0x00007fffda9d3000 	C:\WINDOWS\WinSxS\amd64_microsoft.windows.common-controls_6595b64144ccf1df_6.0.26100.7309_none_3e05feeae336a044\COMCTL32.dll
0x00007fffed3f0000 - 0x00007fffed417000 	C:\WINDOWS\System32\win32u.dll
0x00007fffee940000 - 0x00007fffee9e9000 	C:\WINDOWS\System32\msvcrt.dll
0x00007fffeff30000 - 0x00007fffeff5b000 	C:\WINDOWS\System32\GDI32.dll
0x00007fffed6e0000 - 0x00007fffed80c000 	C:\WINDOWS\System32\gdi32full.dll
0x00007fffed2b0000 - 0x00007fffed353000 	C:\WINDOWS\System32\msvcp_win.dll
0x00007fffeea20000 - 0x00007fffeea51000 	C:\WINDOWS\System32\IMM32.DLL
0x00007fffea8d0000 - 0x00007fffea8dc000 	C:\Program Files\Eclipse Adoptium\jdk-21.0.6.7-hotspot\bin\vcruntime140_1.dll
0x00007fffaad40000 - 0x00007fffaadcd000 	C:\Program Files\Eclipse Adoptium\jdk-21.0.6.7-hotspot\bin\msvcp140.dll
0x00007fff57390000 - 0x00007fff58120000 	C:\Program Files\Eclipse Adoptium\jdk-21.0.6.7-hotspot\bin\server\jvm.dll
0x00007fffeffe0000 - 0x00007ffff0094000 	C:\WINDOWS\System32\ADVAPI32.dll
0x00007fffef1d0000 - 0x00007fffef276000 	C:\WINDOWS\System32\sechost.dll
0x00007fffef970000 - 0x00007fffefa88000 	C:\WINDOWS\System32\RPCRT4.dll
0x00007ffff00a0000 - 0x00007ffff0114000 	C:\WINDOWS\System32\WS2_32.dll
0x00007fffed110000 - 0x00007fffed16e000 	C:\WINDOWS\SYSTEM32\POWRPROF.dll
0x00007fffe69f0000 - 0x00007fffe6a25000 	C:\WINDOWS\SYSTEM32\WINMM.dll
0x00007fffe6a30000 - 0x00007fffe6a3b000 	C:\WINDOWS\SYSTEM32\VERSION.dll
0x00007fffed0f0000 - 0x00007fffed104000 	C:\WINDOWS\SYSTEM32\UMPDC.dll
0x00007fffec060000 - 0x00007fffec07b000 	C:\WINDOWS\SYSTEM32\kernel.appcore.dll
0x00007fffe2cd0000 - 0x00007fffe2cda000 	C:\Program Files\Eclipse Adoptium\jdk-21.0.6.7-hotspot\bin\jimage.dll
0x00007fffea940000 - 0x00007fffeab82000 	C:\WINDOWS\SYSTEM32\DBGHELP.DLL
0x00007fffefba0000 - 0x00007fffeff25000 	C:\WINDOWS\System32\combase.dll
0x00007fffef280000 - 0x00007fffef356000 	C:\WINDOWS\System32\OLEAUT32.dll
0x00007fffdb030000 - 0x00007fffdb06c000 	C:\WINDOWS\SYSTEM32\dbgcore.DLL
0x00007fffed810000 - 0x00007fffed8b5000 	C:\WINDOWS\System32\bcryptPrimitives.dll
0x00007fffd35d0000 - 0x00007fffd35df000 	C:\Program Files\Eclipse Adoptium\jdk-21.0.6.7-hotspot\bin\instrument.dll
0x00007fffceb40000 - 0x00007fffceb5f000 	C:\Program Files\Eclipse Adoptium\jdk-21.0.6.7-hotspot\bin\java.dll
0x00007fffee1e0000 - 0x00007fffee933000 	C:\WINDOWS\System32\SHELL32.dll
0x00007fffed570000 - 0x00007fffed6da000 	C:\WINDOWS\System32\wintypes.dll
0x00007fffeae90000 - 0x00007fffeb6ee000 	C:\WINDOWS\SYSTEM32\windows.storage.dll
0x00007fffedf00000 - 0x00007fffedff5000 	C:\WINDOWS\System32\SHCORE.dll
0x00007fffefb20000 - 0x00007fffefb86000 	C:\WINDOWS\System32\shlwapi.dll
0x00007fffed1d0000 - 0x00007fffed1f9000 	C:\WINDOWS\SYSTEM32\profapi.dll
0x00007fffa16e0000 - 0x00007fffa17b7000 	C:\Program Files\Eclipse Adoptium\jdk-21.0.6.7-hotspot\bin\jsvml.dll
0x00007fffc2e40000 - 0x00007fffc2e58000 	C:\Program Files\Eclipse Adoptium\jdk-21.0.6.7-hotspot\bin\zip.dll
0x00007fffe2bf0000 - 0x00007fffe2c00000 	C:\Program Files\Eclipse Adoptium\jdk-21.0.6.7-hotspot\bin\net.dll
0x00007fffe7720000 - 0x00007fffe7848000 	C:\WINDOWS\SYSTEM32\WINHTTP.dll
0x00007fffec5d0000 - 0x00007fffec63b000 	C:\WINDOWS\system32\mswsock.dll
0x00007fffc2e60000 - 0x00007fffc2e76000 	C:\Program Files\Eclipse Adoptium\jdk-21.0.6.7-hotspot\bin\nio.dll
0x00007fffd3610000 - 0x00007fffd3620000 	C:\Program Files\Eclipse Adoptium\jdk-21.0.6.7-hotspot\bin\verify.dll
0x00007fffe2ce0000 - 0x00007fffe2d07000 	C:\Users\gargd\.gradle\native\660c5614fbf4a5f2a75b1949f50a0caf5cd603558e7d8a26e50b933a0cfb79d1\windows-amd64\native-platform.dll
0x00007fffa0220000 - 0x00007fffa0297000 	C:\Users\gargd\.gradle\native\0.2.8\x86_64-windows-gnu\gradle-fileevents.dll
0x00007fffe2620000 - 0x00007fffe262a000 	C:\Program Files\Eclipse Adoptium\jdk-21.0.6.7-hotspot\bin\management.dll
0x00007fffd6f30000 - 0x00007fffd6f3b000 	C:\Program Files\Eclipse Adoptium\jdk-21.0.6.7-hotspot\bin\management_ext.dll
0x00007fffef540000 - 0x00007fffef548000 	C:\WINDOWS\System32\PSAPI.DLL
0x00007fffeba80000 - 0x00007fffebab4000 	C:\WINDOWS\SYSTEM32\IPHLPAPI.DLL
0x00007fffefa90000 - 0x00007fffefa9a000 	C:\WINDOWS\System32\NSI.dll
0x00007fffd3c10000 - 0x00007fffd3c19000 	C:\Program Files\Eclipse Adoptium\jdk-21.0.6.7-hotspot\bin\extnet.dll
0x00007fffec890000 - 0x00007fffec8ab000 	C:\WINDOWS\SYSTEM32\CRYPTSP.dll
0x00007fffebfc0000 - 0x00007fffebffa000 	C:\WINDOWS\system32\rsaenh.dll
0x00007fffec680000 - 0x00007fffec6ab000 	C:\WINDOWS\SYSTEM32\USERENV.dll
0x00007fffed1a0000 - 0x00007fffed1ca000 	C:\WINDOWS\SYSTEM32\bcrypt.dll
0x00007fffec8b0000 - 0x00007fffec8bc000 	C:\WINDOWS\SYSTEM32\CRYPTBASE.dll
0x00007fffd2270000 - 0x00007fffd227e000 	C:\Program Files\Eclipse Adoptium\jdk-21.0.6.7-hotspot\bin\sunmscapi.dll
0x00007fffed8c0000 - 0x00007fffeda37000 	C:\WINDOWS\System32\CRYPT32.dll
0x00007fffecab0000 - 0x00007fffecae0000 	C:\WINDOWS\SYSTEM32\ncrypt.dll
0x00007fffeca60000 - 0x00007fffeca9f000 	C:\WINDOWS\SYSTEM32\NTASN1.dll
0x00007fffdff00000 - 0x00007fffdff08000 	C:\WINDOWS\system32\wshunix.dll

dbghelp: loaded successfully - version: 4.0.5 - missing functions: none
symbol engine: initialized successfully - sym options: 0x614 - pdb path: .;C:\Program Files\Eclipse Adoptium\jdk-21.0.6.7-hotspot\bin;C:\WINDOWS\SYSTEM32;C:\WINDOWS\WinSxS\amd64_microsoft.windows.common-controls_6595b64144ccf1df_6.0.26100.7309_none_3e05feeae336a044;C:\Program Files\Eclipse Adoptium\jdk-21.0.6.7-hotspot\bin\server;C:\Users\gargd\.gradle\native\660c5614fbf4a5f2a75b1949f50a0caf5cd603558e7d8a26e50b933a0cfb79d1\windows-amd64;C:\Users\gargd\.gradle\native\0.2.8\x86_64-windows-gnu

VM Arguments:
jvm_args: --add-opens=java.base/java.lang=ALL-UNNAMED --add-opens=java.base/java.lang.invoke=ALL-UNNAMED --add-opens=java.base/java.util=ALL-UNNAMED --add-opens=java.prefs/java.util.prefs=ALL-UNNAMED --add-exports=jdk.compiler/com.sun.tools.javac.api=ALL-UNNAMED --add-exports=jdk.compiler/com.sun.tools.javac.util=ALL-UNNAMED --add-opens=java.base/java.util=ALL-UNNAMED --add-opens=java.prefs/java.util.prefs=ALL-UNNAMED --add-opens=java.base/java.nio.charset=ALL-UNNAMED --add-opens=java.base/java.net=ALL-UNNAMED --add-opens=java.base/java.util.concurrent=ALL-UNNAMED --add-opens=java.base/java.util.concurrent.atomic=ALL-UNNAMED --add-opens=java.xml/javax.xml.namespace=ALL-UNNAMED --add-opens=java.base/java.time=ALL-UNNAMED -XX:MaxMetaspaceSize=384m -XX:+HeapDumpOnOutOfMemoryError -Xms256m -Xmx512m -Dfile.encoding=UTF-8 -Duser.country=US -Duser.language=en -Duser.variant -javaagent:C:\Users\gargd\.gradle\wrapper\dists\gradle-9.2.1-bin\2t0n5ozlw9xmuyvbp7dnzaxug\gradle-9.2.1\lib\agents\gradle-instrumentation-agent-9.2.1.jar 
java_command: org.gradle.launcher.daemon.bootstrap.GradleDaemon 9.2.1
java_class_path (initial): C:\Users\gargd\.gradle\wrapper\dists\gradle-9.2.1-bin\2t0n5ozlw9xmuyvbp7dnzaxug\gradle-9.2.1\lib\gradle-daemon-main-9.2.1.jar
Launcher Type: SUN_STANDARD

[Global flags]
     intx CICompilerCount                          = 12                                        {product} {ergonomic}
   size_t CompressedClassSpaceSize                 = 335544320                                 {product} {ergonomic}
     uint ConcGCThreads                            = 3                                         {product} {ergonomic}
     uint G1ConcRefinementThreads                  = 13                                        {product} {ergonomic}
   size_t G1HeapRegionSize                         = 1048576                                   {product} {ergonomic}
    uintx GCDrainStackTargetSize                   = 64                                        {product} {ergonomic}
     bool HeapDumpOnOutOfMemoryError               = true                                   {manageable} {command line}
   size_t InitialHeapSize                          = 268435456                                 {product} {command line}
   size_t MarkStackSize                            = 4194304                                   {product} {ergonomic}
   size_t MaxHeapSize                              = 536870912                                 {product} {command line}
   size_t MaxMetaspaceSize                         = 402653184                                 {product} {command line}
   size_t MaxNewSize                               = 321912832                                 {product} {ergonomic}
   size_t MinHeapDeltaBytes                        = 1048576                                   {product} {ergonomic}
   size_t MinHeapSize                              = 268435456                                 {product} {command line}
    uintx NonNMethodCodeHeapSize                   = 7602480                                {pd product} {ergonomic}
    uintx NonProfiledCodeHeapSize                  = 122027880                              {pd product} {ergonomic}
    uintx ProfiledCodeHeapSize                     = 122027880                              {pd product} {ergonomic}
    uintx ReservedCodeCacheSize                    = 251658240                              {pd product} {ergonomic}
     bool SegmentedCodeCache                       = true                                      {product} {ergonomic}
   size_t SoftMaxHeapSize                          = 536870912                              {manageable} {ergonomic}
     bool UseCompressedOops                        = true                           {product lp64_product} {ergonomic}
     bool UseG1GC                                  = true                                      {product} {ergonomic}
     bool UseLargePagesIndividualAllocation        = false                                  {pd product} {ergonomic}

Logging:
Log output configuration:
 #0: stdout all=warning uptime,level,tags foldmultilines=false
 #1: stderr all=off uptime,level,tags foldmultilines=false

Environment Variables:
JAVA_HOME=C:\Program Files\Eclipse Adoptium\jdk-21.0.6.7-hotspot
PATH=.;C:\Program Files\Eclipse Adoptium\jdk-21.0.6.7-hotspot\bin;D:\Downloads_C\graalvm-jdk-25.0.1+8.1\bin;C:\Program Files\Microsoft\jdk-17.0.13.11-hotspot\bin;C:\Windows\system32;C:\Windows;C:\Windows\System32\Wbem;C:\Windows\System32\WindowsPowerShell\v1.0\;C:\Windows\System32\OpenSSH\;C:\Program Files (x86)\NVIDIA Corporation\PhysX\Common;C:\MinGW\bin;C:\Program Files\swipl\bin;C:\Program Files\Git\cmd;C:\Program Files\nodejs;C:\ProgramData\chocolatey\bin;C:\Program Files\MySQL\MySQL Server 8.0\bin;C:\Program Files\nodejs\;C:\Users\gargd\Downloads\gradle-8.13-bin\gradle-8.13\bin;C:\Program Files\NVIDIA Corporation\NVIDIA App\NvDLISR;C:\WINDOWS\system32;C:\WINDOWS;C:\WINDOWS\System32\Wbem;C:\WINDOWS\System32\WindowsPowerShell\v1.0\;C:\WINDOWS\System32\OpenSSH\;C:\Program Files\Docker\Docker\resources\bin;C:\Users\gargd\flutter\src\flutter\bin;C:\Users\gargd\AppData\Local\Programs\Python\Python312\Scripts\;C:\Users\gargd\AppData\Local\Programs\Python\Python312\;C:\Users\gargd\AppData\Local\Microsoft\WindowsApps;C:\Users\gargd\AppData\Local\Programs\Microsoft VS Code\bin;C:\Users\gargd\.dotnet\tools;C:\Users\gargd\AppData\Local\Programs\Python\Python312;C:\Users\gargd\AppData\Local\Programs\Python\Python312\Scripts;C:\Program Files\JetBrains\PyCharm Community Edition 2024.2.4\bin;C:\Users\gargd\AppData\Roaming\npm;D:\java IDe\IntelliJ IDEA Community Edition 2024.3.4.1\bin;C:\Users\gargd\Downloads\gradle-8.13-bin\gradle-8.13\bin;C:\Users\gargd\AppData\Local\Programs\Python\Python310\python.exe;D:\flutter\flutter\bin;C:\Users\gargd\AppData\Roaming\Python\Scripts;D:\antigravity\Antigravity\bin;D:\Downloads_C\graalvm-jdk-25.0.1+8.1\bin;
USERNAME=gargd
OS=Windows_NT
PROCESSOR_IDENTIFIER=AMD64 Family 25 Model 80 Stepping 0, AuthenticAMD
TMP=C:\Users\gargd\AppData\Local\Temp
TEMP=C:\Users\gargd\AppData\Local\Temp




Periodic native trim disabled

---------------  S Y S T E M  ---------------

OS:
 Windows 11 , 64 bit Build 26100 (10.0.26100.7309)
OS uptime: 2 days 21:18 hours
Hyper-V role detected

CPU: total 16 (initial active 16) (16 cores per cpu, 2 threads per core) family 25 model 80 stepping 0 microcode 0xa50000d, cx8, cmov, fxsr, ht, mmx, 3dnowpref, sse, sse2, sse3, ssse3, sse4a, sse4.1, sse4.2, popcnt, lzcnt, tsc, tscinvbit, avx, avx2, aes, erms, clmul, bmi1, bmi2, adx, sha, fma, vzeroupper, clflush, clflushopt, hv, rdtscp, rdpid, fsrm, f16c, cet_ss
Processor Information for processor 0
  Max Mhz: 3201, Current Mhz: 3201, Mhz Limit: 3201
Processor Information for processor 1
  Max Mhz: 3201, Current Mhz: 3201, Mhz Limit: 3201
Processor Information for processor 2
  Max Mhz: 3201, Current Mhz: 3201, Mhz Limit: 3201
Processor Information for processor 3
  Max Mhz: 3201, Current Mhz: 3201, Mhz Limit: 3201
Processor Information for processor 4
  Max Mhz: 3201, Current Mhz: 1990, Mhz Limit: 3201
Processor Information for processor 5
  Max Mhz: 3201, Current Mhz: 3201, Mhz Limit: 3201
Processor Information for processor 6
  Max Mhz: 3201, Current Mhz: 3201, Mhz Limit: 3201
Processor Information for processor 7
  Max Mhz: 3201, Current Mhz: 3201, Mhz Limit: 3201
Processor Information for processor 8
  Max Mhz: 3201, Current Mhz: 3201, Mhz Limit: 3201
Processor Information for processor 9
  Max Mhz: 3201, Current Mhz: 3201, Mhz Limit: 3201
Processor Information for processor 10
  Max Mhz: 3201, Current Mhz: 3201, Mhz Limit: 3201
Processor Information for processor 11
  Max Mhz: 3201, Current Mhz: 3201, Mhz Limit: 3201
Processor Information for processor 12
  Max Mhz: 3201, Current Mhz: 3201, Mhz Limit: 3201
Processor Information for processor 13
  Max Mhz: 3201, Current Mhz: 3201, Mhz Limit: 3201
Processor Information for processor 14
  Max Mhz: 3201, Current Mhz: 1990, Mhz Limit: 3201
Processor Information for processor 15
  Max Mhz: 3201, Current Mhz: 3201, Mhz Limit: 3201

Memory: 4k page, system-wide physical 15773M (1772M free)
TotalPageFile size 26812M (AvailPageFile size 12M)
current process WorkingSet (physical memory assigned to process): 387M, peak: 387M
current process commit charge ("private bytes"): 517M, peak: 517M

vm_info: OpenJDK 64-Bit Server VM (21.0.6+7-LTS) for windows-amd64 JRE (21.0.6+7-LTS), built on 2025-01-21T00:00:00Z by "admin" with MS VC++ 17.7 (VS2022)

END.
